[backblue.gif]
[fade.gif]
[index.html]
[4khdhub.one/images/4KHDHUB-Dark-Logo.png]
[4khdhub.one/images/4KHDHUB-Bright-Logo.png]
[4khdhub.one/favicon-96x96.png]
[4khdhub.one/favicon.ico]
[4khdhub.one/apple-touch-icon.png]
[4khdhub.one/site.webmanifest]
[image.tmdb.org/t/p/w500/abeH7n5pcuQcwYcTxG6DTZvXLP1.jpg]
[image.tmdb.org/t/p/w500/yXbG3BjBlu79tIknvqOF5Pnkw1V.jpg]
[image.tmdb.org/t/p/w500/vIiBBq2yelS3HuBA8uRM83ug2vb.jpg]
[image.tmdb.org/t/p/w500/mmE4RNbsPOwwRo5rnVRd1IXzgcZ.jpg]
[image.tmdb.org/t/p/w500/sfQtVlIHljToOwYjhe21KPGzZWK.jpg]
[image.tmdb.org/t/p/w500/vfZxVHextAGC70zrNhS8lsROqP1.jpg]
[image.tmdb.org/t/p/original/uAVR8jRsd0VUBC9lHRdEb38oNSa.jpg]
[image.tmdb.org/t/p/w500/zlkeH0s7dDxcnuPcHBqAyXFUxqN.jpg]
[image.tmdb.org/t/p/w500/pJsIzlTjmx07ilwEkl0cglrMVa1.jpg]
[image.tmdb.org/t/p/w500/qn0DdsvVWMXxQtWvdIgvmnYCuJd.jpg]
[image.tmdb.org/t/p/w500/aJboceWct3FYptVPavlhUOjiiSe.jpg]
[image.tmdb.org/t/p/w500/bADzMfofNWYdxLnlqNuMkO6du34.jpg]
[image.tmdb.org/t/p/original/1WA4RvB4aJ7LY4s9xEw0SkRaS5x.jpg]
[image.tmdb.org/t/p/w500/bOVr292mwn3jxr1e0NmUPM1rcjo.jpg]
[image.tmdb.org/t/p/w500/f9ZgHhSwJKkoaVAuYz4uJaHsqii.jpg]
[image.tmdb.org/t/p/w500/4LaPshxWTFcBhc5ib8xOfYeD9tH.jpg]
[image.tmdb.org/t/p/w500/88rQREli2xtoDV6HToJysp71ZL7.jpg]
[image.tmdb.org/t/p/w500/iQbTbwmLX5Nh1nlH21YUJPWt3Zo.jpg]
[4khdhub.one/index.html]
[image.tmdb.org/t/p/w500/Zm5i6MmXp5cfIT3LffiuAX1uZ6.jpg]
[image.tmdb.org/t/p/w500/lHKsijXbqNjs5q9bZtcwzjfbGXE.jpg]
[image.tmdb.org/t/p/w500/qRlOEIiwkfLy6ERRMbyQNGQQ6Lc.jpg]
[image.tmdb.org/t/p/w500/lc9riW73Oee2pBxi1UrDPgyQjEr.jpg]
[image.tmdb.org/t/p/w500/pPiEujhVa2MBSowmvnNWqEzxH0x.jpg]
[image.tmdb.org/t/p/w500/eFpTlgIDqnTeTHoHHuNvQjoi0Du.jpg]
[image.tmdb.org/t/p/original/gihVqb8c0GQ1fzpPhqny8JIue6S.jpg]
[image.tmdb.org/t/p/w500/mkHMNq0PUHDVn3w5QPM2hcnOdVb.jpg]
[image.tmdb.org/t/p/w500/7Fsu6TmpagdSOXVsIFONLpY5sBQ.jpg]
[image.tmdb.org/t/p/w500/vFiCAkramDg2dL2bWJgk9V546UD.jpg]
[image.tmdb.org/t/p/w500/rW9bgJFi3PVM4N1apWNtTaHqqt7.jpg]
[image.tmdb.org/t/p/w500/w6KapI2JvrCkOPmQhkwYPJNjqeo.jpg]
[image.tmdb.org/t/p/w500/ei1jnjJ154XN1E4q9JKEpuEImup.jpg]
[image.tmdb.org/t/p/w500/ojtRXQj7MvVw7oPkJwf0FPp61He.jpg]
[image.tmdb.org/t/p/w500/eycVPsYXsLMRXgAPGqJTzKvnlzX.jpg]
[image.tmdb.org/t/p/w500/8Xgvmx7WWc7Z9Ws9RAYk7uya2kh.jpg]
[4khdhub.one/indexf0b7.html]
[renamereptiliantrance.com/on.js]
[4khdhub.one/css/styles1468.css]
[4khdhub.one/favicon.svg]
[image.tmdb.org/t/p/w500/t7d9Zk4ltloYgDCMj0qHIpQBAIs.jpg]
[image.tmdb.org/t/p/w500/c1LdfzziemB55PbG53qMhgnhe7C.jpg]
[image.tmdb.org/t/p/w500/993AZlwtxVv6Mv3mXo4im1QXMlF.jpg]
[image.tmdb.org/t/p/w500/hVRkbZRCoHtnfi0V9GFZ3uXjCNp.jpg]
[image.tmdb.org/t/p/w500/o55HXx21PqRcOgAaOWFz4tGMrZh.jpg]
[4khdhub.one/category/movies/index.html]
[image.tmdb.org/t/p/w500/4oGGJ824vqIqDtyMvMuK44pDEmx.jpg]
[image.tmdb.org/t/p/w500/8qPtHYpeRgRQUDVYk5M8X37Rkbb.jpg]
[4khdhub.one/category/hindi-movies/index.html]
[image.tmdb.org/t/p/w500/yGQAZupyZgT2ESbBSMZ9R0OBToo.jpg]
[image.tmdb.org/t/p/w500/5A4wV8k9Kv2OY3XjI9WDA5qsAkD.jpg]
[image.tmdb.org/t/p/w500/lNBxToxHWrzmkqeFnf1XADUTxQq.jpg]
[image.tmdb.org/t/p/w500/k9VjzXyGElRAxXyXgPvtRRSznyL.jpg]
[image.tmdb.org/t/p/w500/qFftNQnlYqWYEkzml9h64vIDp6j.jpg]
[image.tmdb.org/t/p/w500/RmQpuArPv71IuDLn8CP710fNgk.jpg]
[image.tmdb.org/t/p/w500/vaUkSL7PbeeKfdFKOh9TYR9M1ds.jpg]
[4khdhub.one/category/english-movies/index.html]
[4khdhub.one/category/series/index.html]
[image.tmdb.org/t/p/w500/hiS3kubWLnsQgLyiP06jXlP7gnz.jpg]
[image.tmdb.org/t/p/w500/gj1Qde71tlF5ylNCfOHuanWw48J.jpg]
[image.tmdb.org/t/p/w500/l4O5DMWL806Ty6RxxRDzYysvb2G.jpg]
[image.tmdb.org/t/p/w500/xDW6cor12UD0b2IqboQWnrIn0UO.jpg]
[image.tmdb.org/t/p/w500/46cAIR1PLpvYFc3byLWGqAFrtNM.jpg]
[image.tmdb.org/t/p/w500/q9ZRQN98L2OvYP00mIlv4oPPfOU.jpg]
[image.tmdb.org/t/p/w500/b5Rmy2xJekCNY7raZEjpYPyhf6h.jpg]
[image.tmdb.org/t/p/w500/jvNFIc9qy9ynCuKMar9YC258gJP.jpg]
[image.tmdb.org/t/p/w500/2eWH2RDxpbIfEs17BpJTQhcOqRs.jpg]
[image.tmdb.org/t/p/w500/bpoDjjcj6vE7k9xH14wb13UMYqi.jpg]
[image.tmdb.org/t/p/w500/3cfo9NH2wZ0fm8TbiN7L8NREM0Q.jpg]
[image.tmdb.org/t/p/w500/yk9LSExlvtP6uWODe0aOHaC0DuJ.jpg]
[image.tmdb.org/t/p/w500/d0ZW2r5L8Ma50gvkvSY7BZSE6fb.jpg]
[image.tmdb.org/t/p/w500/odH9cebqUNHKh1p6BKVSs0gsD34.jpg]
[image.tmdb.org/t/p/w500/7SLlbkzOJb8v9wXVYIcqozx2hxe.jpg]
[4khdhub.one/category/korean-series/index.html]
[image.tmdb.org/t/p/w500/gHVfuuOXPVs0ltFbOZQjxpXtSSH.jpg]
[image.tmdb.org/t/p/w500/e0HIphKTbM0YjWCASdCsjYtESHG.jpg]
[4khdhub.one/category/drama-series/index.html]
[image.tmdb.org/t/p/w500/kqeKlSd7o9BCbTraZsDnksRSfxm.jpg]
[image.tmdb.org/t/p/w500/vHTHQZy3JhgoVMkbXlOot5gOUzZ.jpg]
[image.tmdb.org/t/p/w500/oRaOeQlwktbGSd2T31FYAcgHZlh.jpg]
[4khdhub.one/category/hindi-series/index.html]
[4khdhub.one/category/english-series/index.html]
[image.tmdb.org/t/p/w500/mVXUJjlOSiYMpApFoPyWTnqBhUm.jpg]
[image.tmdb.org/t/p/w500/cojcROwZe8681XzroVIOE9VK4zV.jpg]
[image.tmdb.org/t/p/w500/AisK4uFsnwwmMkSynFpNl0VeGR.jpg]
[image.tmdb.org/t/p/original/g4gISgVBm5iEfGEZJnMzJGsxdsy.jpg]
[image.tmdb.org/t/p/w500/2orq3F4a1prP3RnJjYSWzSjHYZQ.jpg]
[image.tmdb.org/t/p/w500/57XScX1aYtKi1LvHYFQLPUxVhTG.jpg]
[image.tmdb.org/t/p/w500/zMJw34G4OJhcd9NjKSRjJdDqjbR.jpg]
[4khdhub.one/category/netflix/index.html]
[4khdhub.one/category/amazon_prime_video/index.html]
[image.tmdb.org/t/p/w500/rFN7h3SKGNYFSYWwb4WkzkAOXhW.jpg]
[image.tmdb.org/t/p/w500/7pUGiRg9Gq1JqmmNSJLLSonOKum.jpg]
[image.tmdb.org/t/p/w500/9Ycz7yYRf9V4jk3YXwcZhFtbNcF.jpg]
[image.tmdb.org/t/p/w500/qnOYQ6uqxj5HEuXtVf1vSZicok.jpg]
[image.tmdb.org/t/p/w500/tPbMu1LH4YzyvG2a9X5qYERHmIv.jpg]
[image.tmdb.org/t/p/w500/8WEr48swcqe89Zsy5sdrGCASlIg.jpg]
[image.tmdb.org/t/p/w500/lZQKzmE3P5CJ9Bj0wK4jMZuengp.jpg]
[image.tmdb.org/t/p/w500/sgwwEGvNy7vCJN8IVnl44tuVlMZ.jpg]
[image.tmdb.org/t/p/w500/aed6I1EMR4Lbk8bdikWrndbn5Og.jpg]
[image.tmdb.org/t/p/w500/fdcMiknnRcmVgWb9wGS9TxE06cG.jpg]
[image.tmdb.org/t/p/w500/40eFcTzZier3DWLqldsP5VHxeoD.jpg]
[image.tmdb.org/t/p/w500/86OUOPulMiM8rjrQSt4KMev7UAa.jpg]
[image.tmdb.org/t/p/w500/zrnUnV0PFWnJ1G6wDvzkQL2HL9d.jpg]
[image.tmdb.org/t/p/w500/uN0JESJgHnTZol84MMG19Vxf1Li.jpg]
[image.tmdb.org/t/p/w500/kjcsNeqF52YUQ2rUBGLMHwLkxvR.jpg]
[image.tmdb.org/t/p/w500/gJDvYUJcPEDJzB3SnQokifPUtRF.jpg]
[image.tmdb.org/t/p/w500/wofiHMsXxmp0lTafcBrgciSxBVx.jpg]
[4khdhub.one/category/jiohotstar/index.html]
[image.tmdb.org/t/p/w500/Njr0Rlb4CobAfrGE8NVffYDGqx.jpg]
[image.tmdb.org/t/p/w500/kPz9M2hbZVRue9bbZAHKB9RrXox.jpg]
[image.tmdb.org/t/p/w500/wP0GdqwVu2g1y3q1KzBXuSrdTvX.jpg]
[image.tmdb.org/t/p/w500/buPiLEtOQ7kJrRh9FsXucjkZeJn.jpg]
[image.tmdb.org/t/p/w500/12lS1NvNItj0Ec5kzxmApZEBTnn.jpg]
[image.tmdb.org/t/p/w500/qcTNUGkxpaFycXkItD3Jpn0Mcox.jpg]
[image.tmdb.org/t/p/w500/a9x70QUXs6uEwtin1SGNKoFXoia.jpg]
[image.tmdb.org/t/p/w500/oJUoRlVXGl3MJb62Ugi1G08GPbx.jpg]
[image.tmdb.org/t/p/w500/qITIFCaAD594CTV2MdsOcYvfAoo.jpg]
[image.tmdb.org/t/p/w500/infZU4gpDlqgoQUsNWgDuzBsiNx.jpg]
[image.tmdb.org/t/p/w500/z74qJEf1MRsEEIKFgbeyBAHmJXg.jpg]
[image.tmdb.org/t/p/w500/8wI9KByZtzBMWOzDFjxHPSOAuOH.jpg]
[image.tmdb.org/t/p/w500/AthqHRKJFOIbLa459I3D5yHdrQL.jpg]
[image.tmdb.org/t/p/w500/6CDHhHZ8lYkpSE3UkFKrqYeeSzz.jpg]
[image.tmdb.org/t/p/w500/cLciWBfPqurxlQDp48Y9wAQbMPL.jpg]
[4khdhub.one/category/disney/index.html]
[image.tmdb.org/t/p/w500/jD7ZQpDEZzAVReJzkOtmuFoIl2m.jpg]
[image.tmdb.org/t/p/w500/5fhZdwP1DVJ0FyVH6vrFdHwpXIn.jpg]
[image.tmdb.org/t/p/w500/9CHpaYUqgFM81e0emaWkfyFyche.jpg]
[image.tmdb.org/t/p/w500/vozJZjHv0Yyv4PjoOxF5tVMUGFI.jpg]
[image.tmdb.org/t/p/w500/6ZpDPUNtVw6UdJoStvVlRZ62yAi.jpg]
[image.tmdb.org/t/p/w500/cR5KiAdVeZLG4nDUiCyqfvGzZ3f.jpg]
[image.tmdb.org/t/p/w500/ajaXSmdAlYYhnvx1EIsvpfN949y.jpg]
[image.tmdb.org/t/p/w500/toEwR5VTFzHmxW1pX1HjtTXH6QH.jpg]
[image.tmdb.org/t/p/w500/wq3vuQzQgbS83zX3malAFWMsSwX.jpg]
[image.tmdb.org/t/p/original/u7awR1pOiXkxXt692nRAbS2Pqdg.jpg]
[image.tmdb.org/t/p/w500/c2OijvbFEXBW1onbzuvENr4CGQB.jpg]
[image.tmdb.org/t/p/w500/iVYu4CooA9vSEpbJPiqV9wSJll.jpg]
[image.tmdb.org/t/p/w500/eHTDuZp8UtbSK1XehE59UJrgOXg.jpg]
[image.tmdb.org/t/p/w500/6nNxw6SsbEtSpktVEGdoYDqPH7C.jpg]
[image.tmdb.org/t/p/w500/5lZ0NLV93fIx8yIWT38h8rt5u2I.jpg]
[image.tmdb.org/t/p/w500/xsrkiXg8EuNNtbPtbmvCxg95gK7.jpg]
[image.tmdb.org/t/p/w500/tfgccePxnswMqhmtxafliLlcCVR.jpg]
[4khdhub.one/category/apple_tv/index.html]
[image.tmdb.org/t/p/w500/6CUfL75k6Stz35d72qVP19qkgHZ.jpg]
[image.tmdb.org/t/p/w500/qMgUI6pxkPtIuoXX4DcJ6X7bdt2.jpg]
[image.tmdb.org/t/p/w500/zRQylnX3LydtVfBYS8r5qD1bEhz.jpg]
[image.tmdb.org/t/p/w500/tMslOS7noUUjc8BLvePk2QsV75v.jpg]
[image.tmdb.org/t/p/w500/eA8lwlHAuFQrZzek25xgGZCgImu.jpg]
[image.tmdb.org/t/p/w500/owhkU6KRqdXoUQpjV8uyZGPtX58.jpg]
[image.tmdb.org/t/p/w500/wZEKHPaeMCihLZWqjOaEtXFA87x.jpg]
[image.tmdb.org/t/p/w500/8ViqUWPWh6aPZGQA57FMRVmaXZ1.jpg]
[image.tmdb.org/t/p/w500/a8X5XXP49DHrySTXJMUIN5HI1Wz.jpg]
[image.tmdb.org/t/p/w500/w0uHVrvCQYAWA4gj4j1GOCFM54a.jpg]
[image.tmdb.org/t/p/w500/iMlYYercbgETj0c9LWaW0pB2yLM.jpg]
[4khdhub.one/song-of-the-samurai-series-7318/index.html]
[image.tmdb.org/t/p/w500/ivhZRKB2Z8gM2JdB1i2dEeUwaNr.jpg]
[image.tmdb.org/t/p/w500/mf12pRakr3eYdJtv6klQtoznnbU.jpg]
[image.tmdb.org/t/p/w500/fV1XBxZSl0nxiMIhDuorIbfW8kG.jpg]
[image.tmdb.org/t/p/original/ca5XiEFgyGsI38QT3wEKa1QVGX.jpg]
[image.tmdb.org/t/p/original/zvVt4xPUDR6SglHvUa8ECg8uREV.jpg]
[4khdhub.one/category/hbo_max/index.html]
[image.tmdb.org/t/p/w500/u75d6VpbDyW4TNjcnLYAf0cMgU8.jpg]
[image.tmdb.org/t/p/w500/tDAObAvUx2tw4ZM6ohqo06pqQyW.jpg]
[image.tmdb.org/t/p/w500/eKfVzzEazSIjJMrw9ADa2x8ksLz.jpg]
[image.tmdb.org/t/p/w500/hpucDFIvWwcn6sXk8EOEX0dbY0C.jpg]
[image.tmdb.org/t/p/w500/rthTC8aWcjrRnWJVLRzcIbNY3gu.jpg]
[image.tmdb.org/t/p/w500/iCtbr0sIdaKZjhQH3Wr7hW6A1IU.jpg]
[image.tmdb.org/t/p/w500/3p9t1KDo5iXAn1zsSPn8sdtakWs.jpg]
[4khdhub.one/category/hulu/index.html]
[image.tmdb.org/t/p/w500/dYgCgTqqMnWdsnP2XirdcFB28ch.jpg]
[image.tmdb.org/t/p/w500/aikvD4Nu7N6ekbrXNua8vJlO8JU.jpg]
[image.tmdb.org/t/p/w500/mYDVwE8vDniLnxNLo2w1zKqZeBr.jpg]
[image.tmdb.org/t/p/w500/wThMl6AhneaNw78XHC7fupBxNle.jpg]
[image.tmdb.org/t/p/w500/a5KCKSJ7ZiygvSO3rpt75tPeflj.jpg]
[image.tmdb.org/t/p/w500/bYr4kBf26aa1eEtOnOLpjDmKPVX.jpg]
[image.tmdb.org/t/p/w500/xHfafw9UmomDc7jO25s9MpiL4Zs.jpg]
[image.tmdb.org/t/p/w500/vIkrUPBgQswLuTXQRcXWnf9AeuN.jpg]
[image.tmdb.org/t/p/w500/eNg2mzkliMHwrQN8ayPGesoWTOR.jpg]
[image.tmdb.org/t/p/w500/iZllgPmOXS5PadAs4mDp6JhQJod.jpg]
[image.tmdb.org/t/p/w500/78aK4Msbr22A5PGa6PZV0pAvdwf.jpg]
[image.tmdb.org/t/p/w500/3tDbJxobPN3EI2bBebL6zmusmw5.jpg]
[image.tmdb.org/t/p/w500/yI314yQpzVTn5xp3texIFwG9wve.jpg]
[image.tmdb.org/t/p/w500/kOHls1i4IatW8AnQahsTMlJ6t4I.jpg]
[4khdhub.one/category/crave/index.html]
[image.tmdb.org/t/p/w500/ujQp5egkJOkDHx4TehlgHePFcRv.jpg]
[image.tmdb.org/t/p/w500/2R1wwI8lXIEVbdq5feyfuNlpBAl.jpg]
[image.tmdb.org/t/p/w500/8AhHtqY4yPquNrprkVbzUKw8kRh.jpg]
[image.tmdb.org/t/p/w500/31I6eGFgYbbn5FMwzxOVlZfYETW.jpg]
[image.tmdb.org/t/p/w500/68rh8l8RaGujTDF6k87yykxixIy.jpg]
[image.tmdb.org/t/p/w500/fkZ19fifxAOAxbE2ZJvXGVvDDGs.jpg]
[image.tmdb.org/t/p/w500/pzujcdPAoH361NObVrtbA7zACE7.jpg]
[image.tmdb.org/t/p/w500/ii1yrluzWisy1rygSKz8lJkAkil.jpg]
[4khdhub.one/category/anime/index.html]
[image.tmdb.org/t/p/w500/f4aul3FyD3jv3v4bul1IrkWZvzq.jpg]
[image.tmdb.org/t/p/original/nxKpAESmAfxQU4Y8IEXwq5OatZm.jpg]
[image.tmdb.org/t/p/w500/liefj2iaQJ7y6EZYHy4NiFkftX4.jpg]
[image.tmdb.org/t/p/w500/vfrQk5IPloGg1v9Rzbh2Eg3VGyM.jpg]
[image.tmdb.org/t/p/w500/pu2VxGlpGwffOx292w18b1tv96j.jpg]
[image.tmdb.org/t/p/w500/pprU6QnlTblJd51s0IxTnh2DCFe.jpg]
[image.tmdb.org/t/p/w500/wG0KDlzuUWE1KHaeJZcGdrJdZea.jpg]
[image.tmdb.org/t/p/w500/iEJshwO6g4WKTP4HJgCHRTJMWEd.jpg]
[image.tmdb.org/t/p/w500/pR7SIX3AwqdoD96OI44oLG98e7g.jpg]
[image.tmdb.org/t/p/w500/zyopv7D5j7cfswG0NYiA14qAdPC.jpg]
[image.tmdb.org/t/p/original/9OVVxI4qps82BR47y5m51d3RHlx.jpg]
[image.tmdb.org/t/p/w500/kiFacg75KVjy0AM3S4QmbPas8zL.jpg]
[image.tmdb.org/t/p/w500/g19IoButQepcHPShmzfPGYOWfTq.jpg]
[image.tmdb.org/t/p/w500/fZlNXEHZsBp7unqw009MeBbMv87.jpg]
[image.tmdb.org/t/p/w500/qM66Hv4ByAxnilr0jaqCA9uOD4Y.jpg]
[image.tmdb.org/t/p/w500/dQgIcW6Th08kMRf2HBoYWoFE6OD.jpg]
[4khdhub.one/category/2160p-HDR/index.html]
[image.tmdb.org/t/p/w500/xQadpnoLokxzN3hRpCPbBGpxsiz.jpg]
[image.tmdb.org/t/p/w500/ztkUQFLlC19CCMYHW9o1zWhJRNq.jpg]
[image.tmdb.org/t/p/w500/8JMXquNmdMUy2n2RgW8gfOM0O3l.jpg]
[image.tmdb.org/t/p/w500/yaGt4GIutpbXHsv48tWceWg6s56.jpg]
[image.tmdb.org/t/p/w500/4lbclFySvugI51fwsyxBTOm4DqK.jpg]
[image.tmdb.org/t/p/w500/9cqNxx0GxF0bflZmeSMuL5tnGzr.jpg]
[image.tmdb.org/t/p/original/3Tf8vXykYhzHdT0BtsYTp570JGQ.jpg]
[image.tmdb.org/t/p/w500/8HSN9vrrhTwIX9v3ZI0b8VPkzEX.jpg]
[image.tmdb.org/t/p/w500/p2zKN6Ic81C1UbLbnak4dZ2wABl.jpg]
[image.tmdb.org/t/p/w500/A2sXJBlf3QmzOlpx8J4qIxbq0W5.jpg]
[image.tmdb.org/t/p/w500/rTc7ZXdroqjkKivFPvCPX0Ru7uw.jpg]
[image.tmdb.org/t/p/w500/wRSnArnQBmeUYb5GWDU595bGsBr.jpg]
[image.tmdb.org/t/p/w500/1XS1oqL89opfnbLl8WnZY1O1uJx.jpg]
[image.tmdb.org/t/p/w500/5ZFUEOULaVml7pQuXxhpR2SmVUw.jpg]
[image.tmdb.org/t/p/w500/qEu1jJ2VariPLN8JZVxTtmY3IG2.jpg]
[image.tmdb.org/t/p/w500/Afrz3QAcQcsT6w4S5wrKUxmYPWM.jpg]
[image.tmdb.org/t/p/w500/rJ0aCMKSfWWyAexI5QVV2XgxOQn.jpg]
[image.tmdb.org/t/p/w500/dqVUFuNrMFWt7uGNWlpo91VKYOI.jpg]
[4khdhub.one/category/imdb/index.html]
[image.tmdb.org/t/p/w780/abeH7n5pcuQcwYcTxG6DTZvXLP1.jpg]
[4khdhub.one/mobland-series-98/index.html]
[image.tmdb.org/t/p/w780/yXbG3BjBlu79tIknvqOF5Pnkw1V.jpg]
[4khdhub.one/unabomber-movie-8202/index.html]
[image.tmdb.org/t/p/w780/vIiBBq2yelS3HuBA8uRM83ug2vb.jpg]
[4khdhub.one/the-final-problem-series-8203/index.html]
[image.tmdb.org/t/p/w780/mmE4RNbsPOwwRo5rnVRd1IXzgcZ.jpg]
[4khdhub.one/a-different-world-series-8184/index.html]
[image.tmdb.org/t/p/w780/sfQtVlIHljToOwYjhe21KPGzZWK.jpg]
[4khdhub.one/toy-story-5-movie-8178/index.html]
[image.tmdb.org/t/p/w780/vfZxVHextAGC70zrNhS8lsROqP1.jpg]
[4khdhub.one/the-love-hypothesis-movie-8179/index.html]
[4khdhub.one/lanterns-series-7739/index.html]
[image.tmdb.org/t/p/w780/zlkeH0s7dDxcnuPcHBqAyXFUxqN.jpg]
[4khdhub.one/the-get-out-movie-8139/index.html]
[image.tmdb.org/t/p/w780/pJsIzlTjmx07ilwEkl0cglrMVa1.jpg]
[4khdhub.one/the-scandal-series-8138/index.html]
[image.tmdb.org/t/p/w780/qn0DdsvVWMXxQtWvdIgvmnYCuJd.jpg]
[4khdhub.one/texas-chainsaw-unrated-movie-8208/index.html]
[image.tmdb.org/t/p/w780/aJboceWct3FYptVPavlhUOjiiSe.jpg]
[4khdhub.one/delusion-series-8185/index.html]
[image.tmdb.org/t/p/w780/bADzMfofNWYdxLnlqNuMkO6du34.jpg]
[4khdhub.one/the-exiled-heavy-knight-knows-how-to-game-the-system-series-7706/index.html]
[image.tmdb.org/t/p/w500/2koX1xLkpTQM4IZebYvKysFW1Nh.jpg]
[image.tmdb.org/t/p/original/gOBPOGBMJjxNZ6oc8rk572ma2It.jpg]
[image.tmdb.org/t/p/w500/3TXfT52hKDXbGdDlhCGjif0yh1.jpg]
[4khdhub.one/wwe-smackdown-series-358/index.html]
[4khdhub.one/fantastic-mr-fox-movie-8207/index.html]
[image.tmdb.org/t/p/w780/f9ZgHhSwJKkoaVAuYz4uJaHsqii.jpg]
[4khdhub.one/the-elusive-samurai-series-310/index.html]
[image.tmdb.org/t/p/w780/4LaPshxWTFcBhc5ib8xOfYeD9tH.jpg]
[4khdhub.one/i-became-a-legend-after-my-10-year-long-last-stand-series-7536/index.html]
[image.tmdb.org/t/p/w780/88rQREli2xtoDV6HToJysp71ZL7.jpg]
[4khdhub.one/crash-course-in-romance-series-8206/index.html]
[image.tmdb.org/t/p/w780/iQbTbwmLX5Nh1nlH21YUJPWt3Zo.jpg]
[4khdhub.one/stuart-fails-to-save-the-universe-series-7540/index.html]
[4khdhub.one/page/2/index.html]
[image.tmdb.org/t/p/w500/gjk8YdXpItoC1in53FCrZMFIuBx.jpg]
[image.tmdb.org/t/p/w500/sVVT6GYFErVv0Lcc9NvqCu0iOxO.jpg]
[image.tmdb.org/t/p/w500/5xSB0Npkc9Fd9kahKBsq9P4Cdzp.jpg]
[image.tmdb.org/t/p/w500/2QAgOQWcdQLnbki5V2Sjn1tcnHS.jpg]
[image.tmdb.org/t/p/w500/uGKTDr8ruc4IHGsEZ8wSQZpy2eN.jpg]
[image.tmdb.org/t/p/w500/ne2xAzlgSaWvBrYGw2LkO8W5pHi.jpg]
[image.tmdb.org/t/p/w500/t4M0n5kfToiU9TIf22bccSbNugG.jpg]
[image.tmdb.org/t/p/w500/v28T5F1IygM8vXWZIycfNEm3xcL.jpg]
[image.tmdb.org/t/p/w500/omuuzTaZ4kc0sW7SUXsC08sN4iE.jpg]
[image.tmdb.org/t/p/w500/7lkm4eAvHy1uCs48GEwMxgwNdgd.jpg]
[4khdhub.one/page/394/index.html]
[4khdhub.one/about/index.html]
[4khdhub.one/contact/index.html]
[4khdhub.one/dmca/index.html]
[4khdhub.one/privacy-policy/index.html]
[4khdhub.one/js/main1468.js]
[4khdhub.one/css/swup317f.css]
[4khdhub.one/css/redisgnv1317f.css]
[4khdhub.one/js/site-interactions317f.js]
[4khdhub.one/js/redisgnv1317f.js]
[4khdhub.one/js/vendor/swup.min317f.js]
[4khdhub.one/js/vendor/progress.min317f.js]
[4khdhub.one/js/vendor/head.min317f.js]
[4khdhub.one/js/vendor/scripts.min317f.js]
[4khdhub.one/js/vendor/preload.min317f.js]
[4khdhub.one/js/swup-boot317f.js]
[4khdhub.one/index465e.html]
[image.tmdb.org/t/p/w780/Zm5i6MmXp5cfIT3LffiuAX1uZ6.jpg]
[4khdhub.one/best-of-the-best-movie-8137/index.html]
[image.tmdb.org/t/p/w780/lHKsijXbqNjs5q9bZtcwzjfbGXE.jpg]
[4khdhub.one/youme-against-the-world-movie-8134/index.html]
[image.tmdb.org/t/p/w780/qRlOEIiwkfLy6ERRMbyQNGQQ6Lc.jpg]
[4khdhub.one/fightland-series-7754/index.html]
[image.tmdb.org/t/p/w780/lc9riW73Oee2pBxi1UrDPgyQjEr.jpg]
[4khdhub.one/president-curtis-series-7613/index.html]
[image.tmdb.org/t/p/w780/pPiEujhVa2MBSowmvnNWqEzxH0x.jpg]
[4khdhub.one/swat-exiles-series-8205/index.html]
[image.tmdb.org/t/p/w780/hlwZbEKXLbZvgdfxCT1j54pRyE4.jpg]
[4khdhub.one/outlander-blood-of-my-blood-series-3580/index.html]
[image.tmdb.org/t/p/w500/hlwZbEKXLbZvgdfxCT1j54pRyE4.jpg]
[image.tmdb.org/t/p/w780/eFpTlgIDqnTeTHoHHuNvQjoi0Du.jpg]
[4khdhub.one/bloody-tennis-movie-8204/index.html]
[4khdhub.one/steel-ball-run-jojos-bizarre-adventure-series-6155/index.html]
[image.tmdb.org/t/p/w780/mkHMNq0PUHDVn3w5QPM2hcnOdVb.jpg]
[4khdhub.one/the-ordinary-jackpot-series-8077/index.html]
[image.tmdb.org/t/p/w780/7Fsu6TmpagdSOXVsIFONLpY5sBQ.jpg]
[4khdhub.one/the-death-game-movie-8201/index.html]
[image.tmdb.org/t/p/w780/vFiCAkramDg2dL2bWJgk9V546UD.jpg]
[4khdhub.one/zhao-zilong-god-of-spear-movie-8200/index.html]
[image.tmdb.org/t/p/w780/rW9bgJFi3PVM4N1apWNtTaHqqt7.jpg]
[4khdhub.one/my-unicorn-girl-series-8199/index.html]
[image.tmdb.org/t/p/w780/w6KapI2JvrCkOPmQhkwYPJNjqeo.jpg]
[4khdhub.one/star-trek-strange-new-worlds-series-2413/index.html]
[image.tmdb.org/t/p/w780/c6MRUtPk0nEPQ9FBD9RdRKt2rIm.jpg]
[4khdhub.one/dark-matter-series-1154/index.html]
[image.tmdb.org/t/p/w500/c6MRUtPk0nEPQ9FBD9RdRKt2rIm.jpg]
[image.tmdb.org/t/p/w780/ei1jnjJ154XN1E4q9JKEpuEImup.jpg]
[4khdhub.one/paris-has-fallen-series-570/index.html]
[image.tmdb.org/t/p/w780/ojtRXQj7MvVw7oPkJwf0FPp61He.jpg]
[4khdhub.one/my-sad-dead-series-8186/index.html]
[image.tmdb.org/t/p/w780/eycVPsYXsLMRXgAPGqJTzKvnlzX.jpg]
[4khdhub.one/this-tempting-madness-movie-8198/index.html]
[image.tmdb.org/t/p/w780/8Xgvmx7WWc7Z9Ws9RAYk7uya2kh.jpg]
[4khdhub.one/children-of-men-movie-4223/index.html]
[4khdhub.one/page/1/index.html]
[4khdhub.one/page/3/index.html]
[4khdhub.one/category/movies/index9d29.html]
[image.tmdb.org/t/p/w500/bwvec0gRMSpLakcPuxe0RWScNv3.jpg]
[image.tmdb.org/t/p/w500/VVU42nqsEmUtFpH1d9MHj5BIpF.jpg]
[image.tmdb.org/t/p/w500/b4e9ysQ2ZKK1xE4bOeBrOlSAmVO.jpg]
[image.tmdb.org/t/p/w500/rS0kByPD4YF8pQ85KjzMdGiu7Xf.jpg]
[image.tmdb.org/t/p/w500/yopXjun3ICFfJci2ukcEzceZjUs.jpg]
[image.tmdb.org/t/p/w500/dnwEvHywEGfjGwSbLnfoPX9D2JJ.jpg]
[image.tmdb.org/t/p/w500/iAo1hlzsPV9XpYcLQp6Ud065tGO.jpg]
[image.tmdb.org/t/p/original/jcGvB76v8p1sqYXXkBetWASV0uM.jpg]
[4khdhub.one/category/movies/index2e7c.html]
[image.tmdb.org/t/p/w780/t7d9Zk4ltloYgDCMj0qHIpQBAIs.jpg]
[4khdhub.one/the-colony-movie-8197/index.html]
[image.tmdb.org/t/p/w780/c1LdfzziemB55PbG53qMhgnhe7C.jpg]
[4khdhub.one/the-legend-of-enveloped-demons-movie-8195/index.html]
[image.tmdb.org/t/p/w780/993AZlwtxVv6Mv3mXo4im1QXMlF.jpg]
[4khdhub.one/magic-man-movie-8194/index.html]
[image.tmdb.org/t/p/w780/hVRkbZRCoHtnfi0V9GFZ3uXjCNp.jpg]
[4khdhub.one/courageous-movie-8182/index.html]
[image.tmdb.org/t/p/w780/o55HXx21PqRcOgAaOWFz4tGMrZh.jpg]
[4khdhub.one/killing-season-movie-8175/index.html]
[4khdhub.one/category/movies/page/2/index.html]
[4khdhub.one/category/movies/page/278/index.html]
[4khdhub.one/category/hindi-movies/indexbe44.html]
[image.tmdb.org/t/p/w500/22b2fmxhZveWSyWkgUz2y94fp3w.jpg]
[image.tmdb.org/t/p/w500/46q8z1TbbVcF8uhRHsvt5s0h2SH.jpg]
[image.tmdb.org/t/p/w500/okV0jIBJnkONugxNkkwK5uiABLU.jpg]
[image.tmdb.org/t/p/w500/1KlYdWoOrbL5ux357rW9LC155qw.jpg]
[image.tmdb.org/t/p/w500/iI7G9YXxodrqkQPKis1y3EKP8wJ.jpg]
[image.tmdb.org/t/p/w500/3GZnSGEz3CJ98limoZuzcEeKH80.jpg]
[image.tmdb.org/t/p/w500/pK6tGCG6UAgUT5FTq3ylGErHxQQ.jpg]
[image.tmdb.org/t/p/w500/tPyj6Gii1HrnzCbJXEF7JdSFkQ8.jpg]
[image.tmdb.org/t/p/w500/l2rtXml5YXsIkNtEmEFtFciB7Sr.jpg]
[image.tmdb.org/t/p/w500/dXeeDRLGpTX1U97lWBAwQeeplsW.jpg]
[image.tmdb.org/t/p/w500/brPyXyvpYI87ybV3LXtaeLijVnw.jpg]
[4khdhub.one/category/hindi-movies/index5856.html]
[image.tmdb.org/t/p/w780/4oGGJ824vqIqDtyMvMuK44pDEmx.jpg]
[4khdhub.one/the-house-bunny-movie-8172/index.html]
[image.tmdb.org/t/p/w780/8qPtHYpeRgRQUDVYk5M8X37Rkbb.jpg]
[4khdhub.one/the-desert-child-movie-8168/index.html]
[4khdhub.one/category/hindi-movies/page/2/index.html]
[image.tmdb.org/t/p/w500/rCtreCr4xiYEWDQTebybolIh6Xe.jpg]
[image.tmdb.org/t/p/w500/A3ZbZsmsvNGdprRi2lKgGEeVLEH.jpg]
[image.tmdb.org/t/p/w500/xnopI5Xtky18MPhK40cZAGAOVeV.jpg]
[image.tmdb.org/t/p/w500/oEyIhY1WzoFHUDE7U3p1AWwyoSN.jpg]
[image.tmdb.org/t/p/w500/sjMN7DRi4sGiledsmllEw5HJjPy.jpg]
[image.tmdb.org/t/p/w500/2KfdXsXTCbMie0wB1mSmIX60C2F.jpg]
[image.tmdb.org/t/p/w500/s9gmKus9YPTDzdMKZQJYPh0VoGk.jpg]
[4khdhub.one/category/hindi-movies/page/125/index.html]
[4khdhub.one/category/english-movies/index71de.html]
[image.tmdb.org/t/p/w500/9DyaSMQ6W3NvJ9BYTV2piiAXlCX.jpg]
[image.tmdb.org/t/p/w500/98T4bnMjJs71WOVZoeY8edZhfgZ.jpg]
[image.tmdb.org/t/p/w500/xbMFxU9EeAmOFAByonIGFYD9szx.jpg]
[image.tmdb.org/t/p/w500/s0NJyZcmuG91MgFwflfGyQFeg41.jpg]
[image.tmdb.org/t/p/w500/6rpvddXbaQPOi0fB2HKWbZ3uUSg.jpg]
[image.tmdb.org/t/p/w500/v7eW9Rpnb2etRvjN7P7gNzHhfxV.jpg]
[image.tmdb.org/t/p/w500/rwaxLuOkJ5mMvJU5juNaPcKADOW.jpg]
[4khdhub.one/category/english-movies/indexc6c8.html]
[image.tmdb.org/t/p/w780/yGQAZupyZgT2ESbBSMZ9R0OBToo.jpg]
[4khdhub.one/sanctuary-movie-8174/index.html]
[image.tmdb.org/t/p/w780/5A4wV8k9Kv2OY3XjI9WDA5qsAkD.jpg]
[4khdhub.one/cabin-fever-3-patient-zero-movie-8173/index.html]
[image.tmdb.org/t/p/w780/lNBxToxHWrzmkqeFnf1XADUTxQq.jpg]
[4khdhub.one/ice-cream-man-movie-8167/index.html]
[image.tmdb.org/t/p/w780/k9VjzXyGElRAxXyXgPvtRRSznyL.jpg]
[4khdhub.one/new-jack-city-movie-8166/index.html]
[image.tmdb.org/t/p/w780/qFftNQnlYqWYEkzml9h64vIDp6j.jpg]
[4khdhub.one/one-last-shot-movie-8165/index.html]
[image.tmdb.org/t/p/w780/RmQpuArPv71IuDLn8CP710fNgk.jpg]
[4khdhub.one/cabin-fever-2-spring-fever-movie-8163/index.html]
[image.tmdb.org/t/p/w780/vaUkSL7PbeeKfdFKOh9TYR9M1ds.jpg]
[4khdhub.one/cabin-fever-movie-8162/index.html]
[4khdhub.one/category/english-movies/page/2/index.html]
[image.tmdb.org/t/p/w500/gt70JOD9xsPlpJnuBJAWdOT4yRg.jpg]
[image.tmdb.org/t/p/w500/fAB6ee1Q2jY21EBbHSgh3aaFuR1.jpg]
[image.tmdb.org/t/p/w500/38I76hGcFY6xB47pjm7pZwkfuAF.jpg]
[image.tmdb.org/t/p/w500/qkTKtOHK9JEEOHgPQZ0dFtzs5ML.jpg]
[image.tmdb.org/t/p/w500/ngRfoPVEEI36COa5TVf1vrv57Ia.jpg]
[image.tmdb.org/t/p/w500/a1fUwIQpJPOYNcDeFzX1o7Gd6J9.jpg]
[image.tmdb.org/t/p/w500/f8TNfWJ7wTalPxdcl3QYOMaVLiu.jpg]
[image.tmdb.org/t/p/w500/qnqGbB22YJ7dSs4o6M7exTpNxPz.jpg]
[image.tmdb.org/t/p/w500/r2J02Z2OpNTctfOSN1Ydgii51I3.jpg]
[image.tmdb.org/t/p/w500/9GBhzXMFjgcZ3FdR9w3bUMMTps5.jpg]
[image.tmdb.org/t/p/w500/ilwO6elz3mLV9CToT7C8pjVeKX0.jpg]
[image.tmdb.org/t/p/w500/e5fgv7EHBCQG07x09RaiOFRrGN3.jpg]
[image.tmdb.org/t/p/w500/wQMcq5YUjMfoIEqLRzrNQVt4ROl.jpg]
[image.tmdb.org/t/p/w500/mOR1Ks0EcXocwMV4EPv4letz0F5.jpg]
[image.tmdb.org/t/p/w500/4wVCf1jo2jfg4SPN5XpJmEovy4i.jpg]
[4khdhub.one/category/english-movies/page/103/index.html]
[4khdhub.one/category/series/indexee79.html]
[4khdhub.one/category/series/indexfb71.html]
[4khdhub.one/category/series/page/2/index.html]
[image.tmdb.org/t/p/w500/l2Fy8vvr27vbYJOPe49EfVd5Qli.jpg]
[image.tmdb.org/t/p/w500/kbgdBz6VezAOCgNAhzNP6dL7XBC.jpg]
[image.tmdb.org/t/p/w500/uKPsQEAUy1aXsTK8ABxZlfPIKMQ.jpg]
[4khdhub.one/category/series/page/117/index.html]
[4khdhub.one/category/korean-series/indexd1c4.html]
[image.tmdb.org/t/p/w500/A4Y4xlDHS4xi2WI9265vRyIYLoo.jpg]
[image.tmdb.org/t/p/w500/a7p6htiJKx68USDAcilJ5rzKAWB.jpg]
[image.tmdb.org/t/p/w500/zuNOQVI4rEaqwknrfQUVKtlKE2C.jpg]
[image.tmdb.org/t/p/w500/en6lrlJ1DhyvkeZEqrk3R6EJz1p.jpg]
[image.tmdb.org/t/p/w500/gvOZN1NlAoL8iz9ghpES1zWA3w3.jpg]
[image.tmdb.org/t/p/w500/gUvA20jcHABFPjYMIiZl5o9tWi3.jpg]
[image.tmdb.org/t/p/w500/5dgTRxtP5g07RSH5LEOl367Fuwi.jpg]
[image.tmdb.org/t/p/w500/2mwgHfOyrFrmvozjFoEXHRdfGhv.jpg]
[image.tmdb.org/t/p/w500/i2yYZGT2If8XcCZS9ASF1g13MiT.jpg]
[image.tmdb.org/t/p/w500/6ig2QeFmZuiHi07wpD4OULQiUmx.jpg]
[image.tmdb.org/t/p/w500/drQh6tu7OupGBtE5zqVJB1AAGoa.jpg]
[image.tmdb.org/t/p/w500/ozPDfBmsrJDFF9ZhwQNxcGLXvzm.jpg]
[image.tmdb.org/t/p/w500/AhZDz5309V0zsZfUyF4cilkUM4T.jpg]
[image.tmdb.org/t/p/w500/acVOH8Pr5LEZ7WKZCbzwNuHVr9x.jpg]
[image.tmdb.org/t/p/w500/mJDtFBsYkgqprDTqRCEA43FoiZp.jpg]
[image.tmdb.org/t/p/w500/9Ot31mRyjt5GpeWhMOrJVCQZHbK.jpg]
[image.tmdb.org/t/p/w500/vX5dzW0qmFvrhTsTQj4IPZHnbpt.jpg]
[4khdhub.one/category/korean-series/indexb087.html]
[image.tmdb.org/t/p/w780/hiS3kubWLnsQgLyiP06jXlP7gnz.jpg]
[4khdhub.one/evilive-series-8196/index.html]
[image.tmdb.org/t/p/w780/gj1Qde71tlF5ylNCfOHuanWw48J.jpg]
[4khdhub.one/the-murky-stream-series-4621/index.html]
[image.tmdb.org/t/p/w780/l4O5DMWL806Ty6RxxRDzYysvb2G.jpg]
[4khdhub.one/angel-eyes-series-8187/index.html]
[image.tmdb.org/t/p/w780/xDW6cor12UD0b2IqboQWnrIn0UO.jpg]
[4khdhub.one/tomb-raider-king-series-7572/index.html]
[image.tmdb.org/t/p/w780/46cAIR1PLpvYFc3byLWGqAFrtNM.jpg]
[4khdhub.one/doctors-series-8177/index.html]
[image.tmdb.org/t/p/w780/q9ZRQN98L2OvYP00mIlv4oPPfOU.jpg]
[4khdhub.one/made-in-korea-series-5037/index.html]
[image.tmdb.org/t/p/w780/b5Rmy2xJekCNY7raZEjpYPyhf6h.jpg]
[4khdhub.one/a-time-called-you-series-3636/index.html]
[image.tmdb.org/t/p/w780/jvNFIc9qy9ynCuKMar9YC258gJP.jpg]
[4khdhub.one/a-love-other-than-yours-series-8084/index.html]
[image.tmdb.org/t/p/w780/2eWH2RDxpbIfEs17BpJTQhcOqRs.jpg]
[4khdhub.one/flex-x-cop-series-7649/index.html]
[image.tmdb.org/t/p/w780/bpoDjjcj6vE7k9xH14wb13UMYqi.jpg]
[4khdhub.one/island-series-8122/index.html]
[image.tmdb.org/t/p/w780/3cfo9NH2wZ0fm8TbiN7L8NREM0Q.jpg]
[4khdhub.one/the-tale-of-lady-ok-series-8051/index.html]
[image.tmdb.org/t/p/w780/yk9LSExlvtP6uWODe0aOHaC0DuJ.jpg]
[4khdhub.one/fanletter-please-series-8097/index.html]
[image.tmdb.org/t/p/w780/d0ZW2r5L8Ma50gvkvSY7BZSE6fb.jpg]
[4khdhub.one/our-universe-series-8025/index.html]
[image.tmdb.org/t/p/w780/odH9cebqUNHKh1p6BKVSs0gsD34.jpg]
[4khdhub.one/doctor-stranger-series-8076/index.html]
[image.tmdb.org/t/p/w780/7SLlbkzOJb8v9wXVYIcqozx2hxe.jpg]
[4khdhub.one/the-king-eternal-monarch-series-8058/index.html]
[4khdhub.one/category/korean-series/page/2/index.html]
[image.tmdb.org/t/p/w500/o6h56VuZMmBDxmpRGwCYqGkMGCj.jpg]
[image.tmdb.org/t/p/w500/agyQFkNKBExKYiIealedXNDIDqn.jpg]
[image.tmdb.org/t/p/w500/qg7q0piY0fTt2enlIRHwKKRwNjS.jpg]
[image.tmdb.org/t/p/w500/1Sn9n3Srdwyb34WhgiPvJtB6I4y.jpg]
[image.tmdb.org/t/p/w500/aydEAVpeJ1kOUAVOSLSU4BQHINp.jpg]
[image.tmdb.org/t/p/w500/wvP80lvvea0QVeo2BHaCsL1xaDj.jpg]
[image.tmdb.org/t/p/w500/xJQyrif5M4UMoVBrBlwUabtaRxB.jpg]
[4khdhub.one/category/korean-series/page/13/index.html]
[4khdhub.one/category/drama-series/indexc760.html]
[image.tmdb.org/t/p/w500/dnpatlJrEPiDSn5fzgzvxtiSnMo.jpg]
[image.tmdb.org/t/p/w500/6VGJ281Lk2gbrTqZlegKqevzG7D.jpg]
[image.tmdb.org/t/p/w500/1m6CxPAuGv2oHc1ahERrcVWnk2J.jpg]
[image.tmdb.org/t/p/w500/bpF8NintrWESmnC62pu0bC4tMPJ.jpg]
[image.tmdb.org/t/p/w500/wmmjM0GISAgzUSnV2mUbyEGVAWJ.jpg]
[4khdhub.one/category/drama-series/indexf48f.html]
[image.tmdb.org/t/p/w780/gHVfuuOXPVs0ltFbOZQjxpXtSSH.jpg]
[4khdhub.one/smoking-behind-the-supermarket-with-you-series-7400/index.html]
[image.tmdb.org/t/p/w780/e0HIphKTbM0YjWCASdCsjYtESHG.jpg]
[4khdhub.one/the-drops-of-god-series-8183/index.html]
[4khdhub.one/category/drama-series/page/2/index.html]
[image.tmdb.org/t/p/w500/iFRUtxh7OHLqoER6oflO6DWNaQJ.jpg]
[image.tmdb.org/t/p/w500/39xROtSABmXcBVQgK8SAQWFKIcR.jpg]
[image.tmdb.org/t/p/w500/zAxObqiOEooIuQtH338b8zOaFEu.jpg]
[image.tmdb.org/t/p/w500/iYJ2LppC6K4XjSBKdDRoYDOqX40.jpg]
[image.tmdb.org/t/p/w500/tcs6El8ZI1s9CUSHJcrGP6b01F9.jpg]
[image.tmdb.org/t/p/w500/eVm7vI0VTUKYzgpOXCUu9qz3L4E.jpg]
[image.tmdb.org/t/p/w500/igmLgglembi9mZ2RYQRaGKigbvq.jpg]
[image.tmdb.org/t/p/w500/hlLXt2tOPT6RRnjiUmoxyG1LTFi.jpg]
[image.tmdb.org/t/p/w500/qdWEaWkIQIjANGFeskheXpP0mm1.jpg]
[image.tmdb.org/t/p/original/yn4PIMnXJ42lObinYtmIvQ9lVtm.jpg]
[image.tmdb.org/t/p/w500/wHm0jvUoO6Eg80bqg1ALHlV1NfT.jpg]
[image.tmdb.org/t/p/w500/okRnvNLpduDKPUIyZbMxJkeek8D.jpg]
[image.tmdb.org/t/p/w500/seN6rRfN0I6n8iDXjlSMk1QjNcq.jpg]
[4khdhub.one/category/drama-series/page/77/index.html]
[4khdhub.one/category/hindi-series/index813b.html]
[4khdhub.one/category/hindi-series/index8ed5.html]
[image.tmdb.org/t/p/w780/kqeKlSd7o9BCbTraZsDnksRSfxm.jpg]
[4khdhub.one/chainsmoker-cat-series-7464/index.html]
[image.tmdb.org/t/p/w780/vHTHQZy3JhgoVMkbXlOot5gOUzZ.jpg]
[4khdhub.one/the-frontier-lord-begins-with-zero-subjects-series-8131/index.html]
[image.tmdb.org/t/p/w780/oRaOeQlwktbGSd2T31FYAcgHZlh.jpg]
[4khdhub.one/konosuba---gods-blessing-on-this-wonderful-world-series-2856/index.html]
[4khdhub.one/category/hindi-series/page/2/index.html]
[image.tmdb.org/t/p/w500/qR8FR4WT3sqiCUwschbLPdjXsw4.jpg]
[image.tmdb.org/t/p/w500/15xFmoqTEryUWL7kUjY1QSby8XY.jpg]
[image.tmdb.org/t/p/w500/r5mp5XoWP9q8fTvx4rLZbC8qtgj.jpg]
[image.tmdb.org/t/p/w500/oRsm8wiA9QJHT4YNpU7jzsyujAS.jpg]
[image.tmdb.org/t/p/w500/hfnzByZIRj6rx8xaxzS2zDilei1.jpg]
[image.tmdb.org/t/p/w500/4TyTS9O7ECH3mXpazQ6GpJXCqNm.jpg]
[4khdhub.one/category/hindi-series/page/61/index.html]
[4khdhub.one/category/english-series/indexae30.html]
[4khdhub.one/category/english-series/indexe48d.html]
[4khdhub.one/category/english-series/page/2/index.html]
[image.tmdb.org/t/p/w500/l7N9aS6VyYvjelKoCB2eZge0Qky.jpg]
[image.tmdb.org/t/p/w500/iSOKGl5KIeOCAtigUDCfFZe2cOi.jpg]
[image.tmdb.org/t/p/w500/6dumHhfa0BMzjwEZpj9o4uVcGpP.jpg]
[image.tmdb.org/t/p/w500/vAezbCXT3h5TyWsNoF5CXIc5AhU.jpg]
[image.tmdb.org/t/p/w500/1EzcDTGhbbvTS27iKK4ompIQjva.jpg]
[4khdhub.one/category/english-series/page/74/index.html]
[4khdhub.one/category/netflix/index5389.html]
[image.tmdb.org/t/p/w500/x9tqZfZLzu6T6q7wuySI8k7Qytf.jpg]
[image.tmdb.org/t/p/w500/jkPZW1iHNvlI6077NxSxwITa1tj.jpg]
[image.tmdb.org/t/p/w500/zJSceCJMF7C6AtdRycZjNjavCT.jpg]
[image.tmdb.org/t/p/w500/tgBRNtynz81e0DE4bWo8XwTbCw9.jpg]
[image.tmdb.org/t/p/w500/mZ0rPTMe9XfrWRUAeoJzr62cyIa.jpg]
[image.tmdb.org/t/p/w500/6HLl3jgLQmUO0mw2TspFf5jIU3M.jpg]
[image.tmdb.org/t/p/w500/EwgegTmDUuf71tjZCswhJGo79F.jpg]
[image.tmdb.org/t/p/w500/mNgUuTGkOj19Z09zKa76bE6J5Di.jpg]
[image.tmdb.org/t/p/w500/3rnQOZr6yoVWYdy5BiSO4xItYi4.jpg]
[image.tmdb.org/t/p/w500/vpfJK9F0UJNcAIIeC42oJyKMnZQ.jpg]
[image.tmdb.org/t/p/w500/nkvdPFYo7o2IQWooJvA9UE0nvAp.jpg]
[image.tmdb.org/t/p/w500/uUgrxU3Gjl7HeaAlYa4glHWFbO5.jpg]
[image.tmdb.org/t/p/w500/xoN4wJRzeaWBfuQDYPngJgN6y9t.jpg]
[4khdhub.one/category/netflix/indexb46e.html]
[image.tmdb.org/t/p/w780/mVXUJjlOSiYMpApFoPyWTnqBhUm.jpg]
[4khdhub.one/minerva-academy-series-8181/index.html]
[image.tmdb.org/t/p/w780/cojcROwZe8681XzroVIOE9VK4zV.jpg]
[4khdhub.one/habeas-corpus-series-8180/index.html]
[image.tmdb.org/t/p/w780/AisK4uFsnwwmMkSynFpNl0VeGR.jpg]
[4khdhub.one/altered-carbon-series-8170/index.html]
[4khdhub.one/wwe-raw-series-386/index.html]
[image.tmdb.org/t/p/w780/2orq3F4a1prP3RnJjYSWzSjHYZQ.jpg]
[4khdhub.one/stranger-things-tales-from-85-series-6617/index.html]
[image.tmdb.org/t/p/w780/57XScX1aYtKi1LvHYFQLPUxVhTG.jpg]
[4khdhub.one/monster-the-lizzie-borden-story-series-8125/index.html]
[image.tmdb.org/t/p/w780/zMJw34G4OJhcd9NjKSRjJdDqjbR.jpg]
[4khdhub.one/young-justice-series-3504/index.html]
[4khdhub.one/category/netflix/page/2/index.html]
[4khdhub.one/category/netflix/page/46/index.html]
[4khdhub.one/category/amazon_prime_video/indexf5e4.html]
[4khdhub.one/category/amazon_prime_video/index2908.html]
[4khdhub.one/category/amazon_prime_video/page/2/index.html]
[image.tmdb.org/t/p/w500/hhkiqXpfpufwxVrdSftzeKIANl3.jpg]
[image.tmdb.org/t/p/w500/8TTveKSNr23SRib4Q4C3yy9dszz.jpg]
[image.tmdb.org/t/p/w500/dYk08R0bAY8v1QhePp3bwSbUpLp.jpg]
[4khdhub.one/category/amazon_prime_video/page/55/index.html]
[4khdhub.one/category/jiohotstar/index7fd8.html]
[image.tmdb.org/t/p/w500/jll3ab5w5tLNFfJfgDgzsHr4jfo.jpg]
[image.tmdb.org/t/p/w500/diEPoV1IgS0RCAae3pE4ZVkCq2A.jpg]
[4khdhub.one/category/jiohotstar/index33c1.html]
[image.tmdb.org/t/p/w780/rFN7h3SKGNYFSYWwb4WkzkAOXhW.jpg]
[4khdhub.one/bleach-thousand-year-blood-war-series-3937/index.html]
[image.tmdb.org/t/p/w780/7pUGiRg9Gq1JqmmNSJLLSonOKum.jpg]
[4khdhub.one/the-awakening-movie-8143/index.html]
[image.tmdb.org/t/p/w780/9Ycz7yYRf9V4jk3YXwcZhFtbNcF.jpg]
[4khdhub.one/x-men-97-series-5313/index.html]
[image.tmdb.org/t/p/w780/qnOYQ6uqxj5HEuXtVf1vSZicok.jpg]
[4khdhub.one/pompeii-out-of-time-with-tom-hiddleston-series-7547/index.html]
[image.tmdb.org/t/p/w780/tPbMu1LH4YzyvG2a9X5qYERHmIv.jpg]
[4khdhub.one/descendants-wicked-wonderland-movie-7476/index.html]
[image.tmdb.org/t/p/w780/8WEr48swcqe89Zsy5sdrGCASlIg.jpg]
[4khdhub.one/haikyu-series-1736/index.html]
[image.tmdb.org/t/p/w780/2qPKd3mrEKWtHAMy6Nl40k7Mwm7.jpg]
[4khdhub.one/idaten-jump-series-6958/index.html]
[image.tmdb.org/t/p/w500/2qPKd3mrEKWtHAMy6Nl40k7Mwm7.jpg]
[image.tmdb.org/t/p/w780/lZQKzmE3P5CJ9Bj0wK4jMZuengp.jpg]
[4khdhub.one/cells-at-work-code-black-series-5570/index.html]
[image.tmdb.org/t/p/w780/sgwwEGvNy7vCJN8IVnl44tuVlMZ.jpg]
[4khdhub.one/cells-at-work-series-4884/index.html]
[image.tmdb.org/t/p/w780/aed6I1EMR4Lbk8bdikWrndbn5Og.jpg]
[4khdhub.one/welcome-to-demon-school-iruma-kun-series-816/index.html]
[image.tmdb.org/t/p/w780/fdcMiknnRcmVgWb9wGS9TxE06cG.jpg]
[4khdhub.one/bofuri-i-dont-want-to-get-hurt-so-ill-max-out-my-defense-series-5756/index.html]
[image.tmdb.org/t/p/w780/40eFcTzZier3DWLqldsP5VHxeoD.jpg]
[4khdhub.one/percy-jackson-and-the-olympians-series-4844/index.html]
[image.tmdb.org/t/p/w780/86OUOPulMiM8rjrQSt4KMev7UAa.jpg]
[4khdhub.one/mayor-of-kingstown-series-4053/index.html]
[image.tmdb.org/t/p/w780/zrnUnV0PFWnJ1G6wDvzkQL2HL9d.jpg]
[4khdhub.one/reborn-to-master-the-blade-from-hero-king-to-extraordinary-squire-series-4923/index.html]
[image.tmdb.org/t/p/w780/uN0JESJgHnTZol84MMG19Vxf1Li.jpg]
[4khdhub.one/diary-of-a-wimpy-kid-the-last-straw-movie-4761/index.html]
[image.tmdb.org/t/p/w780/kjcsNeqF52YUQ2rUBGLMHwLkxvR.jpg]
[4khdhub.one/your-friendly-neighborhood-spider-man-series-4692/index.html]
[image.tmdb.org/t/p/w780/gJDvYUJcPEDJzB3SnQokifPUtRF.jpg]
[4khdhub.one/big-mouth-series-4044/index.html]
[image.tmdb.org/t/p/w780/wofiHMsXxmp0lTafcBrgciSxBVx.jpg]
[4khdhub.one/marvel-zombies-series-3639/index.html]
[4khdhub.one/category/jiohotstar/page/2/index.html]
[4khdhub.one/category/disney/index411c.html]
[image.tmdb.org/t/p/w500/zwEYhe03vN1rbjF8Bsf9Dng0W8e.jpg]
[image.tmdb.org/t/p/w500/5aELUnMSAIcJf4CAmcgIWcKmO8c.jpg]
[image.tmdb.org/t/p/w500/gPou8wNiTz1uleLKllclrqanXXf.jpg]
[image.tmdb.org/t/p/w500/zsjiNaXqbWUCKFyU72N5HpALcUu.jpg]
[image.tmdb.org/t/p/w500/ixBHQ96ryMa8Q0uIOFdUCjqRyy8.jpg]
[image.tmdb.org/t/p/w500/xVsFopLisBoiKdXXecaNTN4pJ9A.jpg]
[image.tmdb.org/t/p/w500/tVNvaGS607lH5jTi1VLvWYV23sp.jpg]
[image.tmdb.org/t/p/w500/e1nWfnnCVqxS2LeTO3dwGyAsG2V.jpg]
[image.tmdb.org/t/p/w500/ccEYx9NoZvDJRw8Ji2E7yJYLXwt.jpg]
[image.tmdb.org/t/p/w500/vf9SNXNAFqzKBGksFwrXhkg9cb7.jpg]
[4khdhub.one/category/disney/indexb889.html]
[image.tmdb.org/t/p/w780/Njr0Rlb4CobAfrGE8NVffYDGqx.jpg]
[4khdhub.one/city-of-blood-series-8119/index.html]
[image.tmdb.org/t/p/w780/kPz9M2hbZVRue9bbZAHKB9RrXox.jpg]
[4khdhub.one/the-season-series-8074/index.html]
[image.tmdb.org/t/p/w780/wP0GdqwVu2g1y3q1KzBXuSrdTvX.jpg]
[4khdhub.one/the-shards-series-7646/index.html]
[image.tmdb.org/t/p/w780/buPiLEtOQ7kJrRh9FsXucjkZeJn.jpg]
[4khdhub.one/chad-powers-series-7967/index.html]
[image.tmdb.org/t/p/w780/12lS1NvNItj0Ec5kzxmApZEBTnn.jpg]
[4khdhub.one/lego-star-wars-the-mandalorian-movie-7953/index.html]
[image.tmdb.org/t/p/w780/qcTNUGkxpaFycXkItD3Jpn0Mcox.jpg]
[4khdhub.one/furious-series-7546/index.html]
[image.tmdb.org/t/p/w780/a9x70QUXs6uEwtin1SGNKoFXoia.jpg]
[4khdhub.one/strange-world-movie-7891/index.html]
[image.tmdb.org/t/p/w780/oJUoRlVXGl3MJb62Ugi1G08GPbx.jpg]
[4khdhub.one/adults-series-7884/index.html]
[image.tmdb.org/t/p/w780/qITIFCaAD594CTV2MdsOcYvfAoo.jpg]
[4khdhub.one/black-out-series-7828/index.html]
[image.tmdb.org/t/p/w780/infZU4gpDlqgoQUsNWgDuzBsiNx.jpg]
[image.tmdb.org/t/p/w500/zqL5x88i7loWlaCRJIxW0Wy48bB.jpg]
[image.tmdb.org/t/p/w500/Crc4XkhLddMTNJfj1iLca0w1Bb.jpg]
[4khdhub.one/lion-series-7791/index.html]
[image.tmdb.org/t/p/w780/z74qJEf1MRsEEIKFgbeyBAHmJXg.jpg]
[4khdhub.one/the-husband-series-7688/index.html]
[image.tmdb.org/t/p/w780/8wI9KByZtzBMWOzDFjxHPSOAuOH.jpg]
[4khdhub.one/camp-rock-3-movie-7713/index.html]
[image.tmdb.org/t/p/w780/AthqHRKJFOIbLa459I3D5yHdrQL.jpg]
[4khdhub.one/star-wars-visions-presents---the-ninth-jedi-series-7648/index.html]
[image.tmdb.org/t/p/w780/6CDHhHZ8lYkpSE3UkFKrqYeeSzz.jpg]
[4khdhub.one/perfect-crown-series-6451/index.html]
[image.tmdb.org/t/p/w780/cLciWBfPqurxlQDp48Y9wAQbMPL.jpg]
[4khdhub.one/bear-grylls-is-running-wild-series-6670/index.html]
[4khdhub.one/category/disney/page/2/index.html]
[image.tmdb.org/t/p/w500/nOj4nsomFyAVJgpp68L0xq3cREc.jpg]
[image.tmdb.org/t/p/w500/uRvBvxOmqaCMeZNJGducuh2WsgE.jpg]
[image.tmdb.org/t/p/w500/xaKb3cTh8mT6fgLSXuqo4JoS0dU.jpg]
[image.tmdb.org/t/p/w500/fqNT4hsPdA0999NEMuLVeja4Cm2.jpg]
[image.tmdb.org/t/p/w500/kGLgaDrYWmTAdRFzGP5pBquRnhO.jpg]
[image.tmdb.org/t/p/w500/bVgwlYamm5gplckeMWKNFBVyNXi.jpg]
[image.tmdb.org/t/p/w500/3I6GwIbRKlym6hFw1weEUdgTFFT.jpg]
[image.tmdb.org/t/p/w500/aIfRUAUaPqNZ2L2F5fkJyiTEqp9.jpg]
[image.tmdb.org/t/p/w500/4l6KD9HhtD6nCDEfg10Lp6C6zah.jpg]
[image.tmdb.org/t/p/w500/6R62oGGufhsf6DiMknCi047N0b7.jpg]
[image.tmdb.org/t/p/w500/49XzINhH4LFsgz7cx6TOPcHUJUL.jpg]
[image.tmdb.org/t/p/w500/8v50GfCa2wV06fBlGyFNLfrzlZ9.jpg]
[image.tmdb.org/t/p/w500/5KmLPZkOLKNgdFxBsQUwlc8RBBD.jpg]
[image.tmdb.org/t/p/w500/lIBtgpfiB92xNoB3Wa2ZtRtcyYP.jpg]
[4khdhub.one/category/disney/page/5/index.html]
[4khdhub.one/category/apple_tv/index61de.html]
[image.tmdb.org/t/p/w500/dNrk52Rt13MxwahLneTZJezM6qD.jpg]
[image.tmdb.org/t/p/w500/64gCOK6NKcXVI2amtVKk3Xx7cbC.jpg]
[image.tmdb.org/t/p/w500/3sgnSfNT27Bx5O5ukr7B26mhEQq.jpg]
[image.tmdb.org/t/p/w500/8dq7vaUkXPqwqKxBFW4qJNBWeop.jpg]
[image.tmdb.org/t/p/w500/fjdXymXAas9NSehc6GCOHQcEM05.jpg]
[image.tmdb.org/t/p/w500/oeD9rnfk7AohNiJTRoCx4SOKhXj.jpg]
[image.tmdb.org/t/p/original/hAnqHDw9H3KU5VTQ6YyRdL6vHHH.jpg]
[image.tmdb.org/t/p/w500/tOKUKERvfaOf7Dy2IAKT5HYYXJJ.jpg]
[image.tmdb.org/t/p/w500/b8VtW6IEIyEWYdnJHx8bG8RdAak.jpg]
[image.tmdb.org/t/p/w500/erwRgEPtUtyv3Vkmxt0MhjKi5kA.jpg]
[image.tmdb.org/t/p/w500/v7Oix3Zkhg3ftRxmLmyDBJc9ycp.jpg]
[image.tmdb.org/t/p/w500/oOlg3bPWOKBgy5kgOTVe8pJz4HI.jpg]
[image.tmdb.org/t/p/w500/vN5fuofxX5jvRnu6R3NhGipUhbI.jpg]
[image.tmdb.org/t/p/w500/l8fk8AvFzOT47LO13BcaKglqNZQ.jpg]
[image.tmdb.org/t/p/w500/5lcxWLVAEICkFpuAiV1aMy7ZZj3.jpg]
[image.tmdb.org/t/p/w500/xUj3YCz3exVDV2iLZus0nUV6HNw.jpg]
[image.tmdb.org/t/p/w500/5Red8BT8N0YaWumXMQhuoGP40Ox.jpg]
[image.tmdb.org/t/p/w500/41BvXOzzLDZSpJ9zekmzWi8imKZ.jpg]
[4khdhub.one/category/apple_tv/indexe29b.html]
[image.tmdb.org/t/p/w780/jD7ZQpDEZzAVReJzkOtmuFoIl2m.jpg]
[4khdhub.one/brothers-series-8176/index.html]
[image.tmdb.org/t/p/w780/5fhZdwP1DVJ0FyVH6vrFdHwpXIn.jpg]
[4khdhub.one/ted-lasso-series-6878/index.html]
[image.tmdb.org/t/p/w780/9CHpaYUqgFM81e0emaWkfyFyche.jpg]
[4khdhub.one/women-in-blue-series-7765/index.html]
[image.tmdb.org/t/p/w780/vozJZjHv0Yyv4PjoOxF5tVMUGFI.jpg]
[4khdhub.one/last-seen-series-8043/index.html]
[image.tmdb.org/t/p/w780/6ZpDPUNtVw6UdJoStvVlRZ62yAi.jpg]
[4khdhub.one/rent-a-girlfriend-series-293/index.html]
[image.tmdb.org/t/p/w780/cR5KiAdVeZLG4nDUiCyqfvGzZ3f.jpg]
[4khdhub.one/lord-of-the-mysteries-series-2091/index.html]
[image.tmdb.org/t/p/w780/ajaXSmdAlYYhnvx1EIsvpfN949y.jpg]
[4khdhub.one/lioness-series-23/index.html]
[image.tmdb.org/t/p/w780/toEwR5VTFzHmxW1pX1HjtTXH6QH.jpg]
[4khdhub.one/golden-axe-series-8120/index.html]
[image.tmdb.org/t/p/w780/wq3vuQzQgbS83zX3malAFWMsSwX.jpg]
[4khdhub.one/the-walking-dead-dead-city-series-1543/index.html]
[4khdhub.one/mayday-movie-7966/index.html]
[image.tmdb.org/t/p/w780/c2OijvbFEXBW1onbzuvENr4CGQB.jpg]
[4khdhub.one/silo-series-851/index.html]
[image.tmdb.org/t/p/w780/iVYu4CooA9vSEpbJPiqV9wSJll.jpg]
[4khdhub.one/messis-world-cup-the-rise-of-a-legend-series-7957/index.html]
[image.tmdb.org/t/p/w780/eHTDuZp8UtbSK1XehE59UJrgOXg.jpg]
[4khdhub.one/trying-series-7382/index.html]
[image.tmdb.org/t/p/w780/6nNxw6SsbEtSpktVEGdoYDqPH7C.jpg]
[4khdhub.one/the-westies-series-7428/index.html]
[image.tmdb.org/t/p/w780/5lZ0NLV93fIx8yIWT38h8rt5u2I.jpg]
[4khdhub.one/the-dynasty-uconn-huskies-series-7792/index.html]
[image.tmdb.org/t/p/w780/xsrkiXg8EuNNtbPtbmvCxg95gK7.jpg]
[4khdhub.one/lucky-series-7445/index.html]
[image.tmdb.org/t/p/w780/tfgccePxnswMqhmtxafliLlcCVR.jpg]
[4khdhub.one/jackass-best-and-last-movie-7721/index.html]
[4khdhub.one/category/apple_tv/page/2/index.html]
[image.tmdb.org/t/p/w500/zpygCOYY1DPBkeUsrrznLRN5js5.jpg]
[image.tmdb.org/t/p/w500/xLWppjhMb8ZgUE4WjlvAkYgvj16.jpg]
[image.tmdb.org/t/p/w500/7Zr0TOgBzy2H6yhbObzV6lbzQ6b.jpg]
[image.tmdb.org/t/p/w500/xG94Dc7LJ0NEYZ0hGTNnHuMKugl.jpg]
[image.tmdb.org/t/p/w500/fNJHsDr3qB0gJxaGpl6vnfzG2ey.jpg]
[image.tmdb.org/t/p/w500/r8hYMspbGJd2RPfop3VHAwQjk6x.jpg]
[image.tmdb.org/t/p/w500/t6tcFn0LiyKRqR76XwNfErK81cw.jpg]
[image.tmdb.org/t/p/w500/kOzwIr0R7WhaFgoYUZFLPZA2RBZ.jpg]
[4khdhub.one/category/apple_tv/page/5/index.html]
[4khdhub.one/category/hbo_max/indexb92a.html]
[image.tmdb.org/t/p/w500/odnel7VLYHTdW3OdgRl7N5nSlpM.jpg]
[image.tmdb.org/t/p/w500/18WIVssvDsnlXRpLSx0oY9Ga5Xi.jpg]
[image.tmdb.org/t/p/w500/fB8khOzVqpQWhVfIXUQgCokP9XR.jpg]
[image.tmdb.org/t/p/w500/vG2YAAKxCpxXiFcPqZoYWNbUruR.jpg]
[image.tmdb.org/t/p/w500/nXlmi60bayyqqJY85Fx9nKkRogp.jpg]
[image.tmdb.org/t/p/w500/rwKS6rSAqMGnXwBVteYkHxeDLWX.jpg]
[image.tmdb.org/t/p/w500/s0WEN2m5nka5ABcNEJCkG3iISzG.jpg]
[image.tmdb.org/t/p/w500/yrGQwoY9XUglAlCDzsIlr3ws4pM.jpg]
[image.tmdb.org/t/p/w500/6xrLXEQABvoVwGka9KDDAOt4lFs.jpg]
[image.tmdb.org/t/p/w500/vknbnvegsTrzjqa8fsPyXN4wCHI.jpg]
[image.tmdb.org/t/p/w500/wYBsKEFU0qHdhSI9QtQjL8HELMn.jpg]
[4khdhub.one/category/hbo_max/index3bdb.html]
[image.tmdb.org/t/p/w780/6CUfL75k6Stz35d72qVP19qkgHZ.jpg]
[4khdhub.one/conan-obrien-must-go-series-7842/index.html]
[image.tmdb.org/t/p/w780/qMgUI6pxkPtIuoXX4DcJ6X7bdt2.jpg]
[4khdhub.one/mother-mary-movie-6886/index.html]
[image.tmdb.org/t/p/w780/zRQylnX3LydtVfBYS8r5qD1bEhz.jpg]
[4khdhub.one/the-legend-of-kitchen-soldier-series-6825/index.html]
[image.tmdb.org/t/p/w780/tMslOS7noUUjc8BLvePk2QsV75v.jpg]
[4khdhub.one/my-adventures-with-superman-series-7190/index.html]
[image.tmdb.org/t/p/w780/eA8lwlHAuFQrZzek25xgGZCgImu.jpg]
[4khdhub.one/life-larry-and-the-pursuit-of-unhappiness-an-almost-history-of-america-series-7333/index.html]
[image.tmdb.org/t/p/w780/owhkU6KRqdXoUQpjV8uyZGPtX58.jpg]
[4khdhub.one/rick-and-morty-series-7293/index.html]
[image.tmdb.org/t/p/w780/wZEKHPaeMCihLZWqjOaEtXFA87x.jpg]
[4khdhub.one/dear-x-series-4301/index.html]
[image.tmdb.org/t/p/w780/8ViqUWPWh6aPZGQA57FMRVmaXZ1.jpg]
[4khdhub.one/lazarus-series-7434/index.html]
[image.tmdb.org/t/p/w780/a8X5XXP49DHrySTXJMUIN5HI1Wz.jpg]
[4khdhub.one/common-side-effects-series-7433/index.html]
[image.tmdb.org/t/p/w780/w0uHVrvCQYAWA4gj4j1GOCFM54a.jpg]
[4khdhub.one/unicorn-warriors-eternal-series-7332/index.html]
[image.tmdb.org/t/p/w780/ivhZRKB2Z8gM2JdB1i2dEeUwaNr.jpg]
[4khdhub.one/on-the-roam-series-7081/index.html]
[image.tmdb.org/t/p/w780/mf12pRakr3eYdJtv6klQtoznnbU.jpg]
[4khdhub.one/genndy-tartakovskys-primal-series-7192/index.html]
[image.tmdb.org/t/p/w780/fV1XBxZSl0nxiMIhDuorIbfW8kG.jpg]
[4khdhub.one/half-man-series-6656/index.html]
[4khdhub.one/hacks-series-96/index.html]
[4khdhub.one/euphoria-series-4207/index.html]
[4khdhub.one/category/hbo_max/page/2/index.html]
[image.tmdb.org/t/p/w500/tDKlFXWCvIkP2Xl2nMdI49kzwZx.jpg]
[image.tmdb.org/t/p/w500/44bVjbOYytNx6poKqPeIqM2hpAi.jpg]
[image.tmdb.org/t/p/w500/foNIl77csO9GmsvCvTZ6ixt0fZf.jpg]
[image.tmdb.org/t/p/w500/zsb9oJqNa016PeJFL9kkwJ3seil.jpg]
[image.tmdb.org/t/p/w500/xZgftEXZXTM47k2rZlXo8kr8HZF.jpg]
[image.tmdb.org/t/p/w500/qZyWiRLcD2uuiyVKE2TukxLVMY.jpg]
[image.tmdb.org/t/p/w500/qKkaG7HVFVe7C1JuxTGwNz0eSyL.jpg]
[image.tmdb.org/t/p/w500/9SncSYtmHNJv2hwFkkHw6k8vNvX.jpg]
[image.tmdb.org/t/p/w500/z8mk1BCFDg6IF625t3mJhat5Cyq.jpg]
[4khdhub.one/category/hbo_max/page/3/index.html]
[4khdhub.one/category/hulu/indexa38d.html]
[image.tmdb.org/t/p/w500/4aeXrl8cSzUt8FHjqsHyoyZUox3.jpg]
[image.tmdb.org/t/p/w500/8Ec9zCZl2Go8WhDN1JWjjgQRlEi.jpg]
[image.tmdb.org/t/p/w500/9iLO7hJ5YIpIjsBSZpbkX95MEAE.jpg]
[image.tmdb.org/t/p/w500/vu7X19nHIJ9HOXhES3DIhO9N99c.jpg]
[image.tmdb.org/t/p/w500/4uXAZRYtcMfoX2XtY1gcUxLHhjj.jpg]
[image.tmdb.org/t/p/w500/3kpXrWW6gmlngwgSa52IhBpjPuz.jpg]
[image.tmdb.org/t/p/w500/7WU3cXD0rip5ONc7owI2dBWAVjW.jpg]
[image.tmdb.org/t/p/w500/2c2ib9pS3BTIoMnYHi4z6t9nxuA.jpg]
[image.tmdb.org/t/p/w500/bGRezoCqNtiKwNDB9hszImOs6ut.jpg]
[image.tmdb.org/t/p/w500/beEGohxk8QhZKMoMe9jQodOf7N7.jpg]
[image.tmdb.org/t/p/w500/sJUti0JDtE1IYl7RVJARAGyKHqz.jpg]
[4khdhub.one/category/hulu/index738e.html]
[image.tmdb.org/t/p/w780/u75d6VpbDyW4TNjcnLYAf0cMgU8.jpg]
[4khdhub.one/they-fight-movie-7477/index.html]
[image.tmdb.org/t/p/w780/tDAObAvUx2tw4ZM6ohqo06pqQyW.jpg]
[4khdhub.one/adventure-time-side-quests-series-7325/index.html]
[image.tmdb.org/t/p/w780/eKfVzzEazSIjJMrw9ADa2x8ksLz.jpg]
[4khdhub.one/the-bear-series-2038/index.html]
[image.tmdb.org/t/p/w780/hpucDFIvWwcn6sXk8EOEX0dbY0C.jpg]
[4khdhub.one/not-suitable-for-work-series-7052/index.html]
[image.tmdb.org/t/p/w780/rthTC8aWcjrRnWJVLRzcIbNY3gu.jpg]
[4khdhub.one/never-change-movie-7200/index.html]
[image.tmdb.org/t/p/w780/iCtbr0sIdaKZjhQH3Wr7hW6A1IU.jpg]
[4khdhub.one/rooster-fighter-series-6139/index.html]
[image.tmdb.org/t/p/w780/3p9t1KDo5iXAn1zsSPn8sdtakWs.jpg]
[4khdhub.one/rivals-series-7105/index.html]
[4khdhub.one/category/hulu/page/2/index.html]
[image.tmdb.org/t/p/w500/bwAVzmeSKCCQbwixsuhADX5u6j7.jpg]
[image.tmdb.org/t/p/w500/4Fhuz1NsJoBpnxQ3zcHnRxAgTrA.jpg]
[4khdhub.one/category/hulu/page/4/index.html]
[4khdhub.one/category/crave/index7c7d.html]
[image.tmdb.org/t/p/w500/xf2u02mLodDN2ujMSfLFDkPVFac.jpg]
[4khdhub.one/category/crave/index3f36.html]
[image.tmdb.org/t/p/w780/dYgCgTqqMnWdsnP2XirdcFB28ch.jpg]
[4khdhub.one/the-moment-movie-7013/index.html]
[image.tmdb.org/t/p/w780/aikvD4Nu7N6ekbrXNua8vJlO8JU.jpg]
[4khdhub.one/rooster-series-6033/index.html]
[image.tmdb.org/t/p/w780/mYDVwE8vDniLnxNLo2w1zKqZeBr.jpg]
[4khdhub.one/the-comeback-series-6188/index.html]
[image.tmdb.org/t/p/w780/wThMl6AhneaNw78XHC7fupBxNle.jpg]
[4khdhub.one/the-sex-lives-of-college-girls-series-6761/index.html]
[image.tmdb.org/t/p/w780/a5KCKSJ7ZiygvSO3rpt75tPeflj.jpg]
[4khdhub.one/modern-whore-movie-6751/index.html]
[image.tmdb.org/t/p/w780/bYr4kBf26aa1eEtOnOLpjDmKPVX.jpg]
[4khdhub.one/yellowjackets-series-95/index.html]
[image.tmdb.org/t/p/w780/xHfafw9UmomDc7jO25s9MpiL4Zs.jpg]
[4khdhub.one/dtf-st-louis-series-5917/index.html]
[image.tmdb.org/t/p/w780/vIkrUPBgQswLuTXQRcXWnf9AeuN.jpg]
[4khdhub.one/the-borderline-series-6171/index.html]
[image.tmdb.org/t/p/w780/eNg2mzkliMHwrQN8ayPGesoWTOR.jpg]
[4khdhub.one/industry-series-5021/index.html]
[image.tmdb.org/t/p/w780/iZllgPmOXS5PadAs4mDp6JhQJod.jpg]
[4khdhub.one/sanctuary-a-witchs-tale-series-5537/index.html]
[image.tmdb.org/t/p/w780/78aK4Msbr22A5PGa6PZV0pAvdwf.jpg]
[4khdhub.one/mare-of-easttown-series-5391/index.html]
[image.tmdb.org/t/p/w780/3tDbJxobPN3EI2bBebL6zmusmw5.jpg]
[4khdhub.one/the-undoing-series-5385/index.html]
[image.tmdb.org/t/p/w780/yI314yQpzVTn5xp3texIFwG9wve.jpg]
[4khdhub.one/little-bird-series-5199/index.html]
[image.tmdb.org/t/p/w780/kOHls1i4IatW8AnQahsTMlJ6t4I.jpg]
[4khdhub.one/the-office-movers-series-5193/index.html]
[4khdhub.one/category/crave/page/2/index.html]
[4khdhub.one/category/anime/index0648.html]
[image.tmdb.org/t/p/w500/zHgc9nTXiP77qoy14BO7WUFTwkp.jpg]
[image.tmdb.org/t/p/w500/gLKOYIMyKlUHW0SVdskhgf9C0yy.jpg]
[image.tmdb.org/t/p/w500/yDTcX4l5D3OFeYGsQVI5Jqxx1D7.jpg]
[image.tmdb.org/t/p/w500/723NT7KY9xBFLYNNBaEEREbLaPC.jpg]
[image.tmdb.org/t/p/w500/z0Sv8woHs7hgLlbQeYKoQV1FDp9.jpg]
[image.tmdb.org/t/p/w500/aSjpVCanDAwCopdjIgWwrxOWnWf.jpg]
[image.tmdb.org/t/p/w500/uyez2cXhVwgEAakW5bHSscoFlF5.jpg]
[image.tmdb.org/t/p/w500/nUXjSyXAQZhOf32e6lkLX6C6Rf3.jpg]
[image.tmdb.org/t/p/w500/6YkVpc9Dn1L2FHNlLOybpSKeGc7.jpg]
[image.tmdb.org/t/p/w500/hNd4F5MzXcRJ35go07Ozbw3KUw2.jpg]
[image.tmdb.org/t/p/w500/1m4RlC9BTCbyY549TOdVQ5NRPcR.jpg]
[image.tmdb.org/t/p/w500/bs0U3snIbnAuipISrBBQ49zHbbL.jpg]
[image.tmdb.org/t/p/w500/8gCOlj0bXa2cQnXSl4wRX5tVIA0.jpg]
[4khdhub.one/category/anime/index3eec.html]
[image.tmdb.org/t/p/w780/ujQp5egkJOkDHx4TehlgHePFcRv.jpg]
[4khdhub.one/from-old-country-bumpkin-to-master-swordsman-series-7389/index.html]
[image.tmdb.org/t/p/w780/2R1wwI8lXIEVbdq5feyfuNlpBAl.jpg]
[4khdhub.one/hana-kimi-series-5207/index.html]
[image.tmdb.org/t/p/w780/8AhHtqY4yPquNrprkVbzUKw8kRh.jpg]
[4khdhub.one/trapped-in-a-dating-sim-the-world-of-otome-games-is-tough-for-mobs-series-905/index.html]
[image.tmdb.org/t/p/w780/31I6eGFgYbbn5FMwzxOVlZfYETW.jpg]
[4khdhub.one/clevatess-series-2171/index.html]
[image.tmdb.org/t/p/w780/68rh8l8RaGujTDF6k87yykxixIy.jpg]
[4khdhub.one/konosuba-an-explosion-on-this-wonderful-world-series-3060/index.html]
[image.tmdb.org/t/p/w780/fkZ19fifxAOAxbE2ZJvXGVvDDGs.jpg]
[4khdhub.one/black-torch-series-7896/index.html]
[image.tmdb.org/t/p/w780/pzujcdPAoH361NObVrtbA7zACE7.jpg]
[4khdhub.one/that-time-i-got-reincarnated-as-a-slime-series-1574/index.html]
[image.tmdb.org/t/p/w780/ii1yrluzWisy1rygSKz8lJkAkil.jpg]
[4khdhub.one/grand-blue-dreaming-series-2809/index.html]
[4khdhub.one/category/anime/page/2/index.html]
[image.tmdb.org/t/p/w500/wKe1FmUAcSukpfEn5s6747pBwLD.jpg]
[image.tmdb.org/t/p/w500/kaMisKeOoTBPxPkbC3OW7Wgt6ON.jpg]
[image.tmdb.org/t/p/w500/kYjQNi15IWz76nbqFBFPlVsO9lL.jpg]
[4khdhub.one/category/anime/page/28/index.html]
[4khdhub.one/category/2160p-HDR/index1a6f.html]
[image.tmdb.org/t/p/w500/c0r75XaNHA4QMlDcitEscQW2Fn6.jpg]
[image.tmdb.org/t/p/w500/ntW9zzhDmbt3sXDyPXb7SHVuDdB.jpg]
[image.tmdb.org/t/p/w500/mwmfEqWXZG6HmAUuN5SjO8s7UNV.jpg]
[image.tmdb.org/t/p/w500/cThLWEGs6BEqY0QZMbU4FAeWwPT.jpg]
[image.tmdb.org/t/p/w500/CBG77EwlLhxTb1yKoO4DTUGMM1.jpg]
[image.tmdb.org/t/p/w500/oil3EZwKFp3CWxZnfGfGglesvm9.jpg]
[image.tmdb.org/t/p/w500/zGgycGRhPbP54omtSLwPJlUGWUk.jpg]
[image.tmdb.org/t/p/w500/bZeD7NFvxZhmo2xkBLXG5vv5QDa.jpg]
[image.tmdb.org/t/p/w500/kUX5ourGUJDG0yvEeS3uooZS0dS.jpg]
[image.tmdb.org/t/p/w500/fvk8wxyQXLlrBIMuglDxdMYLgBW.jpg]
[image.tmdb.org/t/p/original/KsnohSaR0FCReZGjPg45rgoz0f.jpg]
[image.tmdb.org/t/p/w500/sPSAHmFFgF9rDZG7xnajlSKeRtZ.jpg]
[image.tmdb.org/t/p/w500/2sOEJzhPzjTkZSlPbGxOJ7xgIyS.jpg]
[image.tmdb.org/t/p/w500/ucO3NFIvMff71cBRR5EgYXPKWMC.jpg]
[image.tmdb.org/t/p/w500/hHbzSzjJnmcq02l2razSScBEVBf.jpg]
[image.tmdb.org/t/p/w500/buPFnHZ3xQy6vZEHxbHgL1Pc6CR.jpg]
[4khdhub.one/category/2160p-HDR/index4f50.html]
[image.tmdb.org/t/p/w780/f4aul3FyD3jv3v4bul1IrkWZvzq.jpg]
[4khdhub.one/onward-movie-8153/index.html]
[4khdhub.one/the-end-of-oak-street-movie-8099/index.html]
[image.tmdb.org/t/p/w780/liefj2iaQJ7y6EZYHy4NiFkftX4.jpg]
[4khdhub.one/the-trial-series-8080/index.html]
[image.tmdb.org/t/p/w780/vfrQk5IPloGg1v9Rzbh2Eg3VGyM.jpg]
[4khdhub.one/alien-movie-8047/index.html]
[image.tmdb.org/t/p/w780/pu2VxGlpGwffOx292w18b1tv96j.jpg]
[4khdhub.one/mutiny-movie-7783/index.html]
[image.tmdb.org/t/p/w780/pprU6QnlTblJd51s0IxTnh2DCFe.jpg]
[4khdhub.one/normal-movie-6887/index.html]
[image.tmdb.org/t/p/w780/wG0KDlzuUWE1KHaeJZcGdrJdZea.jpg]
[4khdhub.one/just-play-dead-movie-7939/index.html]
[image.tmdb.org/t/p/w780/iEJshwO6g4WKTP4HJgCHRTJMWEd.jpg]
[4khdhub.one/the-wrong-girls-movie-7936/index.html]
[image.tmdb.org/t/p/w780/pR7SIX3AwqdoD96OI44oLG98e7g.jpg]
[4khdhub.one/i-want-your-sex-movie-7935/index.html]
[image.tmdb.org/t/p/w780/zyopv7D5j7cfswG0NYiA14qAdPC.jpg]
[4khdhub.one/immaculate-movie-3663/index.html]
[4khdhub.one/deep-water-movie-7880/index.html]
[image.tmdb.org/t/p/w780/kiFacg75KVjy0AM3S4QmbPas8zL.jpg]
[4khdhub.one/her-private-hell-movie-7855/index.html]
[image.tmdb.org/t/p/w780/g19IoButQepcHPShmzfPGYOWfTq.jpg]
[4khdhub.one/batman-knightfall-part-1-knightfall-movie-7854/index.html]
[image.tmdb.org/t/p/w780/fZlNXEHZsBp7unqw009MeBbMv87.jpg]
[4khdhub.one/stolen-girl-movie-7757/index.html]
[image.tmdb.org/t/p/w780/qM66Hv4ByAxnilr0jaqCA9uOD4Y.jpg]
[4khdhub.one/the-house-with-a-clock-in-its-walls-movie-7752/index.html]
[image.tmdb.org/t/p/w780/dQgIcW6Th08kMRf2HBoYWoFE6OD.jpg]
[4khdhub.one/in-the-grey-movie-7694/index.html]
[4khdhub.one/category/2160p-HDR/page/2/index.html]
[image.tmdb.org/t/p/w500/eRZTGx7GsiKqPch96k27LK005ZL.jpg]
[image.tmdb.org/t/p/w500/NNxYkU70HPurnNCSiCjYAmacwm.jpg]
[image.tmdb.org/t/p/w500/vP7Yd6couiAaw9jgMd5cjMRj3hQ.jpg]
[image.tmdb.org/t/p/w500/phM9bb6s9c60LA8qwsdk7U1N2cS.jpg]
[4khdhub.one/category/2160p-HDR/page/54/index.html]
[4khdhub.one/category/imdb/indexf3da.html]
[image.tmdb.org/t/p/w500/hIawSocuwqgNeRf3JuKuxgMHmSC.jpg]
[image.tmdb.org/t/p/w500/qJ2tW6WMUDux911r6m7haRef0WH.jpg]
[image.tmdb.org/t/p/w500/yjjZWS23ZawJ8OgpR3DbzfaWcI1.jpg]
[image.tmdb.org/t/p/original/ow3wq89wM8qd5X7hWKxiRfsFf9C.jpg]
[image.tmdb.org/t/p/w500/i2EEr2uBvRlAwJ8d8zTG2Y19mIa.jpg]
[image.tmdb.org/t/p/w500/oHLZyN7G7EpXCHxYdpMcuUNCUgS.jpg]
[image.tmdb.org/t/p/w500/uiIB9ctqZFbfRXXimtpmZb5dusi.jpg]
[image.tmdb.org/t/p/w500/rCzpDGLbOoPwLjy3OAm5NUPOTrC.jpg]
[image.tmdb.org/t/p/w500/fqldf2t8ztc9aiwn3k6mlX3tvRT.jpg]
[image.tmdb.org/t/p/w500/lBomQFW1vlm1yUYMNSbFZ45R4Ox.jpg]
[image.tmdb.org/t/p/w500/zjg4jpK1Wp2kiRvtt5ND0kznako.jpg]
[image.tmdb.org/t/p/w500/cIfGAkpvWD2zxHrXzhv3uptYbyV.jpg]
[image.tmdb.org/t/p/w500/sF1U4EUQS8YHUYjNl3pMGNIQyr0.jpg]
[image.tmdb.org/t/p/w500/hek3koDUyRQk7FIhPXsa6mT2Zc3.jpg]
[image.tmdb.org/t/p/w500/dqZENchTd7lp5zht7BdlqM7RBhD.jpg]
[image.tmdb.org/t/p/original/uN67A1jm5GSGuD7aANz3MI0CXGt.jpg]
[4khdhub.one/category/imdb/indexbbfb.html]
[image.tmdb.org/t/p/w780/xQadpnoLokxzN3hRpCPbBGpxsiz.jpg]
[4khdhub.one/a-separation-movie-6446/index.html]
[image.tmdb.org/t/p/w780/ztkUQFLlC19CCMYHW9o1zWhJRNq.jpg]
[4khdhub.one/breaking-bad-series-1385/index.html]
[image.tmdb.org/t/p/w780/8JMXquNmdMUy2n2RgW8gfOM0O3l.jpg]
[4khdhub.one/band-of-brothers-series-3401/index.html]
[image.tmdb.org/t/p/w780/yaGt4GIutpbXHsv48tWceWg6s56.jpg]
[4khdhub.one/avatar-the-last-airbender-series-7604/index.html]
[image.tmdb.org/t/p/w780/4lbclFySvugI51fwsyxBTOm4DqK.jpg]
[4khdhub.one/the-wire-series-6096/index.html]
[image.tmdb.org/t/p/w780/9cqNxx0GxF0bflZmeSMuL5tnGzr.jpg]
[4khdhub.one/the-shawshank-redemption-movie-769/index.html]
[4khdhub.one/the-godfather-movie-399/index.html]
[image.tmdb.org/t/p/w780/8HSN9vrrhTwIX9v3ZI0b8VPkzEX.jpg]
[4khdhub.one/inheritance-to-love-movie-7362/index.html]
[image.tmdb.org/t/p/w780/p2zKN6Ic81C1UbLbnak4dZ2wABl.jpg]
[4khdhub.one/versa-movie-6252/index.html]
[image.tmdb.org/t/p/w780/A2sXJBlf3QmzOlpx8J4qIxbq0W5.jpg]
[4khdhub.one/all-the-empty-rooms-movie-4684/index.html]
[image.tmdb.org/t/p/w780/rTc7ZXdroqjkKivFPvCPX0Ru7uw.jpg]
[4khdhub.one/the-sopranos-series-2872/index.html]
[image.tmdb.org/t/p/w780/wRSnArnQBmeUYb5GWDU595bGsBr.jpg]
[image.tmdb.org/t/p/w500/t2rRWqKgnVrMtmst0VOEQv0hA1J.jpg]
[4khdhub.one/our-planet-series-2912/index.html]
[image.tmdb.org/t/p/w780/1XS1oqL89opfnbLl8WnZY1O1uJx.jpg]
[4khdhub.one/game-of-thrones-series-487/index.html]
[image.tmdb.org/t/p/w780/5ZFUEOULaVml7pQuXxhpR2SmVUw.jpg]
[4khdhub.one/fullmetal-alchemist-brotherhood-series-6064/index.html]
[image.tmdb.org/t/p/w780/qEu1jJ2VariPLN8JZVxTtmY3IG2.jpg]
[4khdhub.one/dynasties-series-7251/index.html]
[image.tmdb.org/t/p/w780/Afrz3QAcQcsT6w4S5wrKUxmYPWM.jpg]
[4khdhub.one/when-life-gives-you-tangerines-series-569/index.html]
[image.tmdb.org/t/p/w780/rJ0aCMKSfWWyAexI5QVV2XgxOQn.jpg]
[4khdhub.one/the-beatles-anthology-series-4619/index.html]
[image.tmdb.org/t/p/w780/dqVUFuNrMFWt7uGNWlpo91VKYOI.jpg]
[4khdhub.one/the-chosen-series-2381/index.html]
[4khdhub.one/category/imdb/page/2/index.html]
[4khdhub.one/category/imdb/page/394/index.html]
[4khdhub.one/css/redisgnv11468.css]
[4khdhub.one/category/2160p/index.html]
[4khdhub.one/category/crime/index.html]
[4khdhub.one/category/drama/index.html]
[4khdhub.one/category/english/index.html]
[4khdhub.one/category/sdr/index.html]
[4khdhub.one/category/10bit/index.html]
[4khdhub.one/category/1080p/index.html]
[4khdhub.one/category/dv_hdr/index.html]
[4khdhub.one/category/hindi/index.html]
[4khdhub.one/category/dual_language/index.html]
[4khdhub.one/js/series-page1468.js]
[4khdhub.one/unabomber-movie-8202/video.movie/index.html]
[image.tmdb.org/t/p/w500/kmElJ49MJNj3sQhKv6GrUqWyPVa.jpg]
[image.tmdb.org/t/p/w500/ht3OVVRBTrTeVtUVQiKSekjIFVH.jpg]
[image.tmdb.org/t/p/w500/h7CP12wAThhw2WSOA1uIAqxg1fS.jpg]
[image.tmdb.org/t/p/w500/yofVXmLYQbr8pdOeyDRrf9N8rF4.jpg]
[image.tmdb.org/t/p/w500/9AWkNkZHwNLuM6H5u6dToioHMAI.jpg]
[image.tmdb.org/t/p/w500/3uKI0bZuzYOb5SGsc9g1flr3xsq.jpg]
[image.tmdb.org/t/p/w500/nj06BscCVHUjopRc4LczEVktOFA.jpg]
[image.tmdb.org/t/p/w500/4LbwNKDDRysSYvMlqTsy0uph8zq.jpg]
[image.tmdb.org/t/p/w500/7paXMt2e3Tr5dLmEZOGgFEn2Vo7.jpg]
[image.tmdb.org/t/p/w500/jrwQu72sGwGqwE8Ijne89PSIvhp.jpg]
[4khdhub.one/category/history/index.html]
[4khdhub.one/category/thriller/index.html]
[image.tmdb.org/t/p/w500/ySuVrhk9vUKeBzXJbR29WoK1NNS.jpg]
[4khdhub.one/category/tamil/index.html]
[4khdhub.one/category/telugu/index.html]
[4khdhub.one/js/movie-page1468.js]
[4khdhub.one/category/mystery/index.html]
[image.tmdb.org/t/p/w500/tMtWyyyJRHlh32d0VnXSIFImpsr.jpg]
[image.tmdb.org/t/p/w500/91s80WxRqIirFSpGVtiXJoS1GA5.jpg]
[image.tmdb.org/t/p/w500/5jhblvJAmiAVpxWOEXemqEUJYAA.jpg]
[image.tmdb.org/t/p/w500/2RxRHm05SdtM7vu2Be4FkkkLow3.jpg]
[image.tmdb.org/t/p/w500/hPA7xadxW24SqT2GKIkbbZYBR6I.jpg]
[image.tmdb.org/t/p/w500/9zrvktj9JYQwQxZD4lAySfcYlmI.jpg]
[image.tmdb.org/t/p/w500/alpf5v4UqSFawPmG9RX03Or4BDk.jpg]
[image.tmdb.org/t/p/w500/xJc57uJHzsdr224J7jpZMqWNB98.jpg]
[image.tmdb.org/t/p/w500/83WCsJ19Yvg91WTOmDON5akwSI3.jpg]
[image.tmdb.org/t/p/w500/4ALVUEb2PCIFDNCD88xTFJFCJ3q.jpg]
[image.tmdb.org/t/p/w500/g6vptk7afH3OHOKSjdjJJtEoOMh.jpg]
[4khdhub.one/category/spanish/index.html]
[4khdhub.one/category/comedy/index.html]
[4khdhub.one/toy-story-5-movie-8178/video.movie/index.html]
[image.tmdb.org/t/p/w500/qnin56Syy5rbG7KCaxWY7SPuy6p.jpg]
[image.tmdb.org/t/p/w500/fHStfRjQGstuqtUz4Q22lbFU58M.jpg]
[image.tmdb.org/t/p/w500/q1HgK2pyhKfWCALvJTN9Gq9gBu4.jpg]
[image.tmdb.org/t/p/w500/ylIEGeAr2ygSClK4FDj9mi2Ah22.jpg]
[image.tmdb.org/t/p/w500/1H4TNfrLYYzSFd4CICyoFIjx1vn.jpg]
[image.tmdb.org/t/p/w500/9ZdfrcP2QCqoRSk7JF06tDWtrhP.jpg]
[4khdhub.one/category/adventure/index.html]
[4khdhub.one/category/animation/index.html]
[4khdhub.one/category/bluray/index.html]
[image.tmdb.org/t/p/w500/kidkbZRBGbsEIrX7pODRSKi9ipl.jpg]
[image.tmdb.org/t/p/w500/ga8R3OiOMMgSvZ4cOj8x7prUNYZ.jpg]
[image.tmdb.org/t/p/w500/zKVgiv5qHCvCLT4A2ymJi5QeXDH.jpg]
[image.tmdb.org/t/p/w500/oxVDcmStxKn4ChxdzfuCOLZiE9W.jpg]
[image.tmdb.org/t/p/w500/jCnHwIKptAzm2V5Ho9qko3VpMvL.jpg]
[image.tmdb.org/t/p/w500/qJ0UlWWrBn2fnAg4SifTJbDUuaf.jpg]
[image.tmdb.org/t/p/w500/1cKL7mZW5shP9r9TlTNQX4doMQN.jpg]
[4khdhub.one/category/family/index.html]
[4khdhub.one/category/remux/index.html]
[image.tmdb.org/t/p/w500/lG56H40Y1BuHSPoWtEgDJsSgDBZ.jpg]
[image.tmdb.org/t/p/w500/1QU7HKgsQbGpzsJbJK4pAVQV9F5.jpg]
[image.tmdb.org/t/p/w500/4uNhvGxBDiO0mU5UhxuXBsJwKF3.jpg]
[image.tmdb.org/t/p/w500/niSvU02l2BONH9ivubV6K1a5QiK.jpg]
[image.tmdb.org/t/p/w500/avl9MEQhtvokNnzoWepkmHBZ2ss.jpg]
[image.tmdb.org/t/p/w500/13MmRwmG5NmaMfU8qNrtgGXisiD.jpg]
[image.tmdb.org/t/p/w500/g8KB77SPA7SyU8eid6TAEpt9skU.jpg]
[image.tmdb.org/t/p/w500/nz7i42yhLIJ4ve9JKgM6NthoLHO.jpg]
[image.tmdb.org/t/p/w500/uRxrNXQWkHoENm3nwVOZDYSCx2F.jpg]
[image.tmdb.org/t/p/w500/b7LJn13bffWuZ7gKdMHNoUcyf5r.jpg]
[4khdhub.one/category/multi_audios/index.html]
[4khdhub.one/the-love-hypothesis-movie-8179/video.movie/index.html]
[4khdhub.one/category/romance/index.html]
[4khdhub.one/category/sci-fi_&_fantasy/index.html]
[4khdhub.one/category/action_&_adventure/index.html]
[image.tmdb.org/t/p/w500/31GlRQMiDunO8cl3NxTz34U64rf.jpg]
[4khdhub.one/category/hevc/index.html]
[4khdhub.one/category/web-dl/index.html]
[4khdhub.one/the-get-out-movie-8139/video.movie/index.html]
[4khdhub.one/category/action/index.html]
[image.tmdb.org/t/p/w500/efSsZJaddeq0LOABZqpCXdMxv9P.jpg]
[image.tmdb.org/t/p/w500/ouQOquRqqaO8sPAziD4BFoNO1Pb.jpg]
[image.tmdb.org/t/p/w500/bESlrLOrsQ9gKzaGQGHXKOyIUtX.jpg]
[image.tmdb.org/t/p/w500/lqyXcutZbbTsBrETstMl7XLMgOF.jpg]
[image.tmdb.org/t/p/w500/ty8uAV6ihcpw6yfYoMxTulXZRYA.jpg]
[image.tmdb.org/t/p/w500/66VZu75VeLGc6tcAypqyGzWcPeN.jpg]
[image.tmdb.org/t/p/w500/eHDez1uN5X2ZAq4niX7HvhyZIIO.jpg]
[image.tmdb.org/t/p/w500/tGJFRIpTU8jwarl6fN85BA7blkJ.jpg]
[image.tmdb.org/t/p/w500/82Vh8PSzWtBi0CLWrnJdRhGYxEr.jpg]
[image.tmdb.org/t/p/w500/4MFC7rOo9iBfLjjhDN6atNvorKm.jpg]
[image.tmdb.org/t/p/w500/uU3NXe7QqjJNxVpYPdz8dscFWlj.jpg]
[image.tmdb.org/t/p/w500/z03X84vKeVSjabMPJE0fQYxYiMp.jpg]
[image.tmdb.org/t/p/w500/pUOUOGL3aqKJ7IyBRYvmZQmsmr9.jpg]
[image.tmdb.org/t/p/w500/8eJf0hxgIhE6QSxbtuNCekTddy1.jpg]
[image.tmdb.org/t/p/w500/zAqAfATMs3C9wsrZiEVzypwgXYJ.jpg]
[image.tmdb.org/t/p/w500/rkfl4cU1OcalMdvK12oKM7p9och.jpg]
[image.tmdb.org/t/p/w500/3C1vdtKVdtBCQaM2SZG9YUe6tuW.jpg]
[4khdhub.one/category/av1/index.html]
[4khdhub.one/category/hdr/index.html]
[image.tmdb.org/t/p/w500/bOl0rJ86WWxVYlQlGttHhHuYiPQ.jpg]
[4khdhub.one/category/korean/index.html]
[4khdhub.one/texas-chainsaw-unrated-movie-8208/video.movie/index.html]
[image.tmdb.org/t/p/w500/aBMnVU5yrsP5XMBZhG8aT2w6m9u.jpg]
[image.tmdb.org/t/p/w500/qosIFCddpZjoMdsrkcQWB4UGm3o.jpg]
[4khdhub.one/category/horror/index.html]
[image.tmdb.org/t/p/w500/h2JZRLaFXWWhh61vAjqgHXeiZd8.jpg]
[image.tmdb.org/t/p/w500/aRwmcX36r1ZpR5Xq5mmFcpUDQ8J.jpg]
[4khdhub.one/category/crunchyroll/index.html]
[4khdhub.one/category/japanese/index.html]
[image.tmdb.org/t/p/original/lyYtmQO1ejsvGaI1dAenjDvWanG.jpg]
[image.tmdb.org/t/p/w500/uLuTSMXVwWFRYsLvDwpzvJPodxW.jpg]
[image.tmdb.org/t/p/w500/3B8EZvb340YdsES35tiVfp0fNzy.jpg]
[image.tmdb.org/t/p/original/vBBZSRVB6X1dcVJq74E5WPege3N.jpg]
[image.tmdb.org/t/p/original/mASBuCwVd01yqacg4dFBAwsWMAh.jpg]
[occ-0-769-768.1.nflxso.net/dnm/api/v6/mAcAr9TxZIVbINe88xb3Teg5_OA/AAAABfn_E6vEtNrAwyWbNwbQShcGmjHTKVlyTl90Qv0nz_wpgbHS9g4_Rh7Q-O11fZs4ryOLRJdNa-zYJTi6_YsMnv30Q4qBuu_o6lz5c980.jpg]
[image.tmdb.org/t/p/w500/gsXVzxzxL1SUn3F3arfe6CqJvml.jpg]
[image.tmdb.org/t/p/w500/jPWp1JcSLLcnhjOTFU3iUeURxph.jpg]
[4khdhub.one/category/reality/index.html]
